Archive member included to satisfy reference by file (symbol)

/home/chris/.config/Code/User/globalStorage/bmd.stm32-for-vscode/@xpack-dev-tools/arm-none-eabi-gcc/13.3.1-1.1.1/.content/bin/../lib/gcc/arm-none-eabi/13.3.1/../../../../arm-none-eabi/lib/thumb/v7e-m+dp/hard/libc_nano.a(libc_a-atexit.o)
                              /home/chris/.config/Code/User/globalStorage/bmd.stm32-for-vscode/@xpack-dev-tools/arm-none-eabi-gcc/13.3.1-1.1.1/.content/bin/../lib/gcc/arm-none-eabi/13.3.1/../../../../arm-none-eabi/lib/thumb/v7e-m+dp/hard/crt0.o (atexit)
/home/chris/.config/Code/User/globalStorage/bmd.stm32-for-vscode/@xpack-dev-tools/arm-none-eabi-gcc/13.3.1-1.1.1/.content/bin/../lib/gcc/arm-none-eabi/13.3.1/../../../../arm-none-eabi/lib/thumb/v7e-m+dp/hard/libc_nano.a(libc_a-exit.o)
                              /home/chris/.config/Code/User/globalStorage/bmd.stm32-for-vscode/@xpack-dev-tools/arm-none-eabi-gcc/13.3.1-1.1.1/.content/bin/../lib/gcc/arm-none-eabi/13.3.1/../../../../arm-none-eabi/lib/thumb/v7e-m+dp/hard/crt0.o (exit)
/home/chris/.config/Code/User/globalStorage/bmd.stm32-for-vscode/@xpack-dev-tools/arm-none-eabi-gcc/13.3.1-1.1.1/.content/bin/../lib/gcc/arm-none-eabi/13.3.1/../../../../arm-none-eabi/lib/thumb/v7e-m+dp/hard/libc_nano.a(libc_a-findfp.o)
                              /home/chris/.config/Code/User/globalStorage/bmd.stm32-for-vscode/@xpack-dev-tools/arm-none-eabi-gcc/13.3.1-1.1.1/.content/bin/../lib/gcc/arm-none-eabi/13.3.1/../../../../arm-none-eabi/lib/thumb/v7e-m+dp/hard/libc_nano.a(libc_a-exit.o) (__stdio_exit_handler)
/home/chris/.config/Code/User/globalStorage/bmd.stm32-for-vscode/@xpack-dev-tools/arm-none-eabi-gcc/13.3.1-1.1.1/.content/bin/../lib/gcc/arm-none-eabi/13.3.1/../../../../arm-none-eabi/lib/thumb/v7e-m+dp/hard/libc_nano.a(libc_a-fwalk.o)
                              /home/chris/.config/Code/User/globalStorage/bmd.stm32-for-vscode/@xpack-dev-tools/arm-none-eabi-gcc/13.3.1-1.1.1/.content/bin/../lib/gcc/arm-none-eabi/13.3.1/../../../../arm-none-eabi/lib/thumb/v7e-m+dp/hard/libc_nano.a(libc_a-findfp.o) (_fwalk_sglue)
/home/chris/.config/Code/User/globalStorage/bmd.stm32-for-vscode/@xpack-dev-tools/arm-none-eabi-gcc/13.3.1-1.1.1/.content/bin/../lib/gcc/arm-none-eabi/13.3.1/../../../../arm-none-eabi/lib/thumb/v7e-m+dp/hard/libc_nano.a(libc_a-printf.o)
                              build/debug/Src/main.o (printf)
/home/chris/.config/Code/User/globalStorage/bmd.stm32-for-vscode/@xpack-dev-tools/arm-none-eabi-gcc/13.3.1-1.1.1/.content/bin/../lib/gcc/arm-none-eabi/13.3.1/../../../../arm-none-eabi/lib/thumb/v7e-m+dp/hard/libc_nano.a(libc_a-puts.o)
                              build/debug/Src/app_threadx.o (puts)
/home/chris/.config/Code/User/globalStorage/bmd.stm32-for-vscode/@xpack-dev-tools/arm-none-eabi-gcc/13.3.1-1.1.1/.content/bin/../lib/gcc/arm-none-eabi/13.3.1/../../../../arm-none-eabi/lib/thumb/v7e-m+dp/hard/libc_nano.a(libc_a-stdio.o)
                              /home/chris/.config/Code/User/globalStorage/bmd.stm32-for-vscode/@xpack-dev-tools/arm-none-eabi-gcc/13.3.1-1.1.1/.content/bin/../lib/gcc/arm-none-eabi/13.3.1/../../../../arm-none-eabi/lib/thumb/v7e-m+dp/hard/libc_nano.a(libc_a-findfp.o) (__sread)
/home/chris/.config/Code/User/globalStorage/bmd.stm32-for-vscode/@xpack-dev-tools/arm-none-eabi-gcc/13.3.1-1.1.1/.content/bin/../lib/gcc/arm-none-eabi/13.3.1/../../../../arm-none-eabi/lib/thumb/v7e-m+dp/hard/libc_nano.a(libc_a-wbuf.o)
                              /home/chris/.config/Code/User/globalStorage/bmd.stm32-for-vscode/@xpack-dev-tools/arm-none-eabi-gcc/13.3.1-1.1.1/.content/bin/../lib/gcc/arm-none-eabi/13.3.1/../../../../arm-none-eabi/lib/thumb/v7e-m+dp/hard/libc_nano.a(libc_a-puts.o) (__swbuf_r)
/home/chris/.config/Code/User/globalStorage/bmd.stm32-for-vscode/@xpack-dev-tools/arm-none-eabi-gcc/13.3.1-1.1.1/.content/bin/../lib/gcc/arm-none-eabi/13.3.1/../../../../arm-none-eabi/lib/thumb/v7e-m+dp/hard/libc_nano.a(libc_a-wsetup.o)
                              /home/chris/.config/Code/User/globalStorage/bmd.stm32-for-vscode/@xpack-dev-tools/arm-none-eabi-gcc/13.3.1-1.1.1/.content/bin/../lib/gcc/arm-none-eabi/13.3.1/../../../../arm-none-eabi/lib/thumb/v7e-m+dp/hard/libc_nano.a(libc_a-puts.o) (__swsetup_r)
/home/chris/.config/Code/User/globalStorage/bmd.stm32-for-vscode/@xpack-dev-tools/arm-none-eabi-gcc/13.3.1-1.1.1/.content/bin/../lib/gcc/arm-none-eabi/13.3.1/../../../../arm-none-eabi/lib/thumb/v7e-m+dp/hard/libc_nano.a(libc_a-memset.o)
                              /home/chris/.config/Code/User/globalStorage/bmd.stm32-for-vscode/@xpack-dev-tools/arm-none-eabi-gcc/13.3.1-1.1.1/.content/bin/../lib/gcc/arm-none-eabi/13.3.1/../../../../arm-none-eabi/lib/thumb/v7e-m+dp/hard/crt0.o (memset)
/home/chris/.config/Code/User/globalStorage/bmd.stm32-for-vscode/@xpack-dev-tools/arm-none-eabi-gcc/13.3.1-1.1.1/.content/bin/../lib/gcc/arm-none-eabi/13.3.1/../../../../arm-none-eabi/lib/thumb/v7e-m+dp/hard/libc_nano.a(libc_a-closer.o)
[...]
Memory Configuration

Name             Origin             Length             Attributes
ITCMRAM          0x00000000         0x00010000         xrw
DTCMRAM          0x20000000         0x00020000         xrw
FLASH            0x08000000         0x00100000         xr
RAM_D1           0x24000000         0x00050000         xrw
RAM_D2           0x30000000         0x00008000         xrw
RAM_D3           0x38000000         0x00004000         xrw
*default*        0x00000000         0xffffffff

Linker script and memory map

LOAD /home/chris/.config/Code/User/globalStorage/bmd.stm32-for-vscode/@xpack-dev-tools/arm-none-eabi-gcc/13.3.1-1.1.1/.content/bin/../lib/gcc/arm-none-eabi/13.3.1/thumb/v7e-m+dp/hard/crti.o
LOAD /home/chris/.config/Code/User/globalStorage/bmd.stm32-for-vscode/@xpack-dev-tools/arm-none-eabi-gcc/13.3.1-1.1.1/.content/bin/../lib/gcc/arm-none-eabi/13.3.1/thumb/v7e-m+dp/hard/crtbegin.o
LOAD /home/chris/.config/Code/User/globalStorage/bmd.stm32-for-vscode/@xpack-dev-tools/arm-none-eabi-gcc/13.3.1-1.1.1/.content/bin/../lib/gcc/arm-none-eabi/13.3.1/../../../../arm-none-eabi/lib/thumb/v7e-m+dp/hard/crt0.o
LOAD build/debug/Drivers/STM32H7xx_HAL_Driver/Src/stm32h7xx_hal.o
LOAD build/debug/Drivers/STM32H7xx_HAL_Driver/Src/stm32h7xx_hal_cortex.o
LOAD build/debug/Drivers/STM32H7xx_HAL_Driver/Src/stm32h7xx_hal_dma.o
LOAD build/debug/Drivers/STM32H7xx_HAL_Driver/Src/stm32h7xx_hal_dma_ex.o
LOAD build/debug/Drivers/STM32H7xx_HAL_Driver/Src/stm32h7xx_hal_exti.o
LOAD build/debug/Drivers/STM32H7xx_HAL_Driver/Src/stm32h7xx_hal_flash.o
LOAD build/debug/Drivers/STM32H7xx_HAL_Driver/Src/stm32h7xx_hal_flash_ex.o
LOAD build/debug/Drivers/STM32H7xx_HAL_Driver/Src/stm32h7xx_hal_gpio.o
LOAD build/debug/Drivers/STM32H7xx_HAL_Driver/Src/stm32h7xx_hal_hsem.o
LOAD build/debug/Drivers/STM32H7xx_HAL_Driver/Src/stm32h7xx_hal_i2c.o
LOAD build/debug/Drivers/STM32H7xx_HAL_Driver/Src/stm32h7xx_hal_i2c_ex.o
LOAD build/debug/Drivers/STM32H7xx_HAL_Driver/Src/stm32h7xx_hal_mdma.o
LOAD build/debug/Drivers/STM32H7xx_HAL_Driver/Src/stm32h7xx_hal_pwr.o
LOAD build/debug/Drivers/STM32H7xx_HAL_Driver/Src/stm32h7xx_hal_pwr_ex.o
LOAD build/debug/Drivers/STM32H7xx_HAL_Driver/Src/stm32h7xx_hal_rcc.o
LOAD build/debug/Drivers/STM32H7xx_HAL_Driver/Src/stm32h7xx_hal_rcc_ex.o
LOAD build/debug/Drivers/STM32H7xx_HAL_Driver/Src/stm32h7xx_hal_tim.o
LOAD build/debug/Drivers/STM32H7xx_HAL_Driver/Src/stm32h7xx_hal_tim_ex.o
LOAD build/debug/Drivers/STM32H7xx_HAL_Driver/Src/stm32h7xx_hal_uart.o
LOAD build/debug/Drivers/STM32H7xx_HAL_Driver/Src/stm32h7xx_hal_uart_ex.o
LOAD build/debug/Middlewares/ST/threadx/common/src/tx_block_allocate.o
LOAD build/debug/Middlewares/ST/threadx/common/src/tx_block_pool_cleanup.o
LOAD build/debug/Middlewares/ST/threadx/common/src/tx_block_pool_create.o
LOAD build/debug/Middlewares/ST/threadx/common/src/tx_block_pool_delete.o
LOAD build/debug/Middlewares/ST/threadx/common/src/tx_block_pool_info_get.o
LOAD build/debug/Middlewares/ST/threadx/common/src/tx_block_pool_initialize.o
LOAD build/debug/Middlewares/ST/threadx/common/src/tx_block_pool_prioritize.o
LOAD build/debug/Middlewares/ST/threadx/common/src/tx_block_release.o
LOAD build/debug/Middlewares/ST/threadx/common/src/tx_byte_allocate.o
LOAD build/debug/Middlewares/ST/threadx/common/src/tx_byte_pool_cleanup.o
LOAD build/debug/Middlewares/ST/threadx/common/src/tx_byte_pool_create.o
LOAD build/debug/Middlewares/ST/threadx/common/src/tx_byte_pool_delete.o
LOAD build/debug/Middlewares/ST/threadx/common/src/tx_byte_pool_info_get.o
LOAD build/debug/Middlewares/ST/threadx/common/src/tx_byte_pool_initialize.o
LOAD build/debug/Middlewares/ST/threadx/common/src/tx_byte_pool_prioritize.o
LOAD build/debug/Middlewares/ST/threadx/common/src/tx_byte_pool_search.o
LOAD build/debug/Middlewares/ST/threadx/common/src/tx_byte_release.o
LOAD build/debug/Middlewares/ST/threadx/common/src/tx_event_flags_cleanup.o
LOAD build/debug/Middlewares/ST/threadx/common/src/tx_event_flags_create.o
LOAD build/debug/Middlewares/ST/threadx/common/src/tx_event_flags_delete.o
LOAD build/debug/Middlewares/ST/threadx/common/src/tx_event_flags_get.o
LOAD build/debug/Middlewares/ST/threadx/common/src/tx_event_flags_info_get.o
LOAD build/debug/Middlewares/ST/threadx/common/src/tx_event_flags_initialize.o
LOAD build/debug/Middlewares/ST/threadx/common/src/tx_event_flags_set.o
LOAD build/debug/Middlewares/ST/threadx/common/src/tx_event_flags_set_notify.o
LOAD build/debug/Middlewares/ST/threadx/common/src/tx_initialize_high_level.o
LOAD build/debug/Middlewares/ST/threadx/common/src/tx_initialize_kernel_enter.o
LOAD build/debug/Middlewares/ST/threadx/common/src/tx_initialize_kernel_setup.o
LOAD build/debug/Middlewares/ST/threadx/common/src/tx_mutex_cleanup.o
LOAD build/debug/Middlewares/ST/threadx/common/src/tx_mutex_create.o
LOAD build/debug/Middlewares/ST/threadx/common/src/tx_mutex_delete.o
LOAD build/debug/Middlewares/ST/threadx/common/src/tx_mutex_get.o
LOAD build/debug/Middlewares/ST/threadx/common/src/tx_mutex_info_get.o
LOAD build/debug/Middlewares/ST/threadx/common/src/tx_mutex_initialize.o
LOAD build/debug/Middlewares/ST/threadx/common/src/tx_mutex_prioritize.o
LOAD build/debug/Middlewares/ST/threadx/common/src/tx_mutex_priority_change.o
LOAD build/debug/Middlewares/ST/threadx/common/src/tx_mutex_put.o
LOAD build/debug/Middlewares/ST/threadx/common/src/tx_queue_cleanup.o
LOAD build/debug/Middlewares/ST/threadx/common/src/tx_queue_create.o
LOAD build/debug/Middlewares/ST/threadx/common/src/tx_queue_delete.o
LOAD build/debug/Middlewares/ST/threadx/common/src/tx_queue_flush.o
LOAD build/debug/Middlewares/ST/threadx/common/src/tx_queue_front_send.o
LOAD build/debug/Middlewares/ST/threadx/common/src/tx_queue_info_get.o
LOAD build/debug/Middlewares/ST/threadx/common/src/tx_queue_initialize.o
LOAD build/debug/Middlewares/ST/threadx/common/src/tx_queue_prioritize.o
LOAD build/debug/Middlewares/ST/threadx/common/src/tx_queue_receive.o
LOAD build/debug/Middlewares/ST/threadx/common/src/tx_queue_send.o
LOAD build/debug/Middlewares/ST/threadx/common/src/tx_queue_send_notify.o
LOAD build/debug/Middlewares/ST/threadx/common/src/tx_semaphore_ceiling_put.o
LOAD build/debug/Middlewares/ST/threadx/common/src/tx_semaphore_cleanup.o
LOAD build/debug/Middlewares/ST/threadx/common/src/tx_semaphore_create.o
LOAD build/debug/Middlewares/ST/threadx/common/src/tx_semaphore_delete.o
LOAD build/debug/Middlewares/ST/threadx/common/src/tx_semaphore_get.o
LOAD build/debug/Middlewares/ST/threadx/common/src/tx_semaphore_info_get.o
LOAD build/debug/Middlewares/ST/threadx/common/src/tx_semaphore_initialize.o
LOAD build/debug/Middlewares/ST/threadx/common/src/tx_semaphore_prioritize.o
LOAD build/debug/Middlewares/ST/threadx/common/src/tx_semaphore_put.o
LOAD build/debug/Middlewares/ST/threadx/common/src/tx_semaphore_put_notify.o
LOAD build/debug/Middlewares/ST/threadx/common/src/tx_thread_create.o
LOAD build/debug/Middlewares/ST/threadx/common/src/tx_thread_delete.o
LOAD build/debug/Middlewares/ST/threadx/common/src/tx_thread_entry_exit_notify.o
LOAD build/debug/Middlewares/ST/threadx/common/src/tx_thread_identify.o
LOAD build/debug/Middlewares/ST/threadx/common/src/tx_thread_info_get.o
LOAD build/debug/Middlewares/ST/threadx/common/src/tx_thread_initialize.o
LOAD build/debug/Middlewares/ST/threadx/common/src/tx_thread_preemption_change.o
LOAD build/debug/Middlewares/ST/threadx/common/src/tx_thread_priority_change.o
LOAD build/debug/Middlewares/ST/threadx/common/src/tx_thread_relinquish.o
LOAD build/debug/Middlewares/ST/threadx/common/src/tx_thread_reset.o
LOAD build/debug/Middlewares/ST/threadx/common/src/tx_thread_resume.o
LOAD build/debug/Middlewares/ST/threadx/common/src/tx_thread_shell_entry.o
LOAD build/debug/Middlewares/ST/threadx/common/src/tx_thread_sleep.o
LOAD build/debug/Middlewares/ST/threadx/common/src/tx_thread_stack_analyze.o
LOAD build/debug/Middlewares/ST/threadx/common/src/tx_thread_stack_error_handler.o
LOAD build/debug/Middlewares/ST/threadx/common/src/tx_thread_stack_error_notify.o
LOAD build/debug/Middlewares/ST/threadx/common/src/tx_thread_suspend.o
LOAD build/debug/Middlewares/ST/threadx/common/src/tx_thread_system_preempt_check.o
LOAD build/debug/Middlewares/ST/threadx/common/src/tx_thread_system_resume.o
LOAD build/debug/Middlewares/ST/threadx/common/src/tx_thread_system_suspend.o
LOAD build/debug/Middlewares/ST/threadx/common/src/tx_thread_terminate.o
LOAD build/debug/Middlewares/ST/threadx/common/src/tx_thread_time_slice.o
LOAD build/debug/Middlewares/ST/threadx/common/src/tx_thread_time_slice_change.o
LOAD build/debug/Middlewares/ST/threadx/common/src/tx_thread_timeout.o
LOAD build/debug/Middlewares/ST/threadx/common/src/tx_thread_wait_abort.o
LOAD build/debug/Middlewares/ST/threadx/common/src/tx_time_get.o
LOAD build/debug/Middlewares/ST/threadx/common/src/tx_time_set.o
LOAD build/debug/Middlewares/ST/threadx/common/src/tx_timer_activate.o
LOAD build/debug/Middlewares/ST/threadx/common/src/tx_timer_change.o
LOAD build/debug/Middlewares/ST/threadx/common/src/tx_timer_create.o
LOAD build/debug/Middlewares/ST/threadx/common/src/tx_timer_deactivate.o
LOAD build/debug/Middlewares/ST/threadx/common/src/tx_timer_delete.o
LOAD build/debug/Middlewares/ST/threadx/common/src/tx_timer_expiration_process.o
LOAD build/debug/Middlewares/ST/threadx/common/src/tx_timer_info_get.o
LOAD build/debug/Middlewares/ST/threadx/common/src/tx_timer_initialize.o
LOAD build/debug/Middlewares/ST/threadx/common/src/tx_timer_system_activate.o
LOAD build/debug/Middlewares/ST/threadx/common/src/tx_timer_system_deactivate.o
LOAD build/debug/Middlewares/ST/threadx/common/src/tx_timer_thread_entry.o
LOAD build/debug/Middlewares/ST/threadx/common/src/txe_block_allocate.o
LOAD build/debug/Middlewares/ST/threadx/common/src/txe_block_pool_create.o
LOAD build/debug/Middlewares/ST/threadx/common/src/txe_block_pool_delete.o
LOAD build/debug/Middlewares/ST/threadx/common/src/txe_block_pool_info_get.o
LOAD build/debug/Middlewares/ST/threadx/common/src/txe_block_pool_prioritize.o
LOAD build/debug/Middlewares/ST/threadx/common/src/txe_block_release.o
LOAD build/debug/Middlewares/ST/threadx/common/src/txe_byte_allocate.o
LOAD build/debug/Middlewares/ST/threadx/common/src/txe_byte_pool_create.o
LOAD build/debug/Middlewares/ST/threadx/common/src/txe_byte_pool_delete.o
LOAD build/debug/Middlewares/ST/threadx/common/src/txe_byte_pool_info_get.o
LOAD build/debug/Middlewares/ST/threadx/common/src/txe_byte_pool_prioritize.o
LOAD build/debug/Middlewares/ST/threadx/common/src/txe_byte_release.o
LOAD build/debug/Middlewares/ST/threadx/common/src/txe_event_flags_create.o
LOAD build/debug/Middlewares/ST/threadx/common/src/txe_event_flags_delete.o
LOAD build/debug/Middlewares/ST/threadx/common/src/txe_event_flags_get.o
LOAD build/debug/Middlewares/ST/threadx/common/src/txe_event_flags_info_get.o
LOAD build/debug/Middlewares/ST/threadx/common/src/txe_event_flags_set.o
LOAD build/debug/Middlewares/ST/threadx/common/src/txe_event_flags_set_notify.o
LOAD build/debug/Middlewares/ST/threadx/common/src/txe_mutex_create.o
LOAD build/debug/Middlewares/ST/threadx/common/src/txe_mutex_delete.o
LOAD build/debug/Middlewares/ST/threadx/common/src/txe_mutex_get.o
LOAD build/debug/Middlewares/ST/threadx/common/src/txe_mutex_info_get.o
LOAD build/debug/Middlewares/ST/threadx/common/src/txe_mutex_prioritize.o
LOAD build/debug/Middlewares/ST/threadx/common/src/txe_mutex_put.o
LOAD build/debug/Middlewares/ST/threadx/common/src/txe_queue_create.o
LOAD build/debug/Middlewares/ST/threadx/common/src/txe_queue_delete.o
LOAD build/debug/Middlewares/ST/threadx/common/src/txe_queue_flush.o
LOAD build/debug/Middlewares/ST/threadx/common/src/txe_queue_front_send.o
LOAD build/debug/Middlewares/ST/threadx/common/src/txe_queue_info_get.o
LOAD build/debug/Middlewares/ST/threadx/common/src/txe_queue_prioritize.o
LOAD build/debug/Middlewares/ST/threadx/common/src/txe_queue_receive.o
LOAD build/debug/Middlewares/ST/threadx/common/src/txe_queue_send.o
LOAD build/debug/Middlewares/ST/threadx/common/src/txe_queue_send_notify.o
LOAD build/debug/Middlewares/ST/threadx/common/src/txe_semaphore_ceiling_put.o
LOAD build/debug/Middlewares/ST/threadx/common/src/txe_semaphore_create.o
LOAD build/debug/Middlewares/ST/threadx/common/src/txe_semaphore_delete.o
LOAD build/debug/Middlewares/ST/threadx/common/src/txe_semaphore_get.o
LOAD build/debug/Middlewares/ST/threadx/common/src/txe_semaphore_info_get.o
LOAD build/debug/Middlewares/ST/threadx/common/src/txe_semaphore_prioritize.o
LOAD build/debug/Middlewares/ST/threadx/common/src/txe_semaphore_put.o
LOAD build/debug/Middlewares/ST/threadx/common/src/txe_semaphore_put_notify.o
LOAD build/debug/Middlewares/ST/threadx/common/src/txe_thread_create.o
LOAD build/debug/Middlewares/ST/threadx/common/src/txe_thread_delete.o
LOAD build/debug/Middlewares/ST/threadx/common/src/txe_thread_entry_exit_notify.o
LOAD build/debug/Middlewares/ST/threadx/common/src/txe_thread_info_get.o
LOAD build/debug/Middlewares/ST/threadx/common/src/txe_thread_preemption_change.o
LOAD build/debug/Middlewares/ST/threadx/common/src/txe_thread_priority_change.o
LOAD build/debug/Middlewares/ST/threadx/common/src/txe_thread_relinquish.o
LOAD build/debug/Middlewares/ST/threadx/common/src/txe_thread_reset.o
LOAD build/debug/Middlewares/ST/threadx/common/src/txe_thread_resume.o
LOAD build/debug/Middlewares/ST/threadx/common/src/txe_thread_suspend.o
LOAD build/debug/Middlewares/ST/threadx/common/src/txe_thread_terminate.o
LOAD build/debug/Middlewares/ST/threadx/common/src/txe_thread_time_slice_change.o
LOAD build/debug/Middlewares/ST/threadx/common/src/txe_thread_wait_abort.o
LOAD build/debug/Middlewares/ST/threadx/common/src/txe_timer_activate.o
LOAD build/debug/Middlewares/ST/threadx/common/src/txe_timer_change.o
LOAD build/debug/Middlewares/ST/threadx/common/src/txe_timer_create.o
LOAD build/debug/Middlewares/ST/threadx/common/src/txe_timer_deactivate.o
LOAD build/debug/Middlewares/ST/threadx/common/src/txe_timer_delete.o
LOAD build/debug/Middlewares/ST/threadx/common/src/txe_timer_info_get.o
LOAD build/debug/Src/app_azure_rtos.o
LOAD build/debug/Src/app_threadx.o
LOAD build/debug/Src/main.o
LOAD build/debug/Src/stm32h7xx_hal_msp.o
LOAD build/debug/Src/stm32h7xx_hal_timebase_tim.o
LOAD build/debug/Src/stm32h7xx_it.o
LOAD build/debug/Src/syscalls.o
LOAD build/debug/Src/sysmem.o
LOAD build/debug/Src/system_stm32h7xx.o
LOAD build/debug/Middlewares/ST/threadx/ports/cortex_m7/gnu/src/tx_thread_context_restore.o
LOAD build/debug/Middlewares/ST/threadx/ports/cortex_m7/gnu/src/tx_thread_context_save.o
LOAD build/debug/Middlewares/ST/threadx/ports/cortex_m7/gnu/src/tx_thread_interrupt_control.o
LOAD build/debug/Middlewares/ST/threadx/ports/cortex_m7/gnu/src/tx_thread_interrupt_disable.o
LOAD build/debug/Middlewares/ST/threadx/ports/cortex_m7/gnu/src/tx_thread_interrupt_restore.o
LOAD build/debug/Middlewares/ST/threadx/ports/cortex_m7/gnu/src/tx_thread_schedule.o
LOAD build/debug/Middlewares/ST/threadx/ports/cortex_m7/gnu/src/tx_thread_stack_build.o
LOAD build/debug/Middlewares/ST/threadx/ports/cortex_m7/gnu/src/tx_thread_system_return.o
LOAD build/debug/Middlewares/ST/threadx/ports/cortex_m7/gnu/src/tx_timer_interrupt.o
LOAD build/debug/Src/tx_initialize_low_level.o
LOAD build/debug/startup_stm32h723xx.o
LOAD /home/chris/.config/Code/User/globalStorage/bmd.stm32-for-vscode/@xpack-dev-tools/arm-none-eabi-gcc/13.3.1-1.1.1/.content/bin/../lib/gcc/arm-none-eabi/13.3.1/../../../../arm-none-eabi/lib/thumb/v7e-m+dp/hard/libc_nano.a
LOAD /home/chris/.config/Code/User/globalStorage/bmd.stm32-for-vscode/@xpack-dev-tools/arm-none-eabi-gcc/13.3.1-1.1.1/.content/bin/../lib/gcc/arm-none-eabi/13.3.1/../../../../arm-none-eabi/lib/thumb/v7e-m+dp/hard/libm.a
LOAD /home/chris/.config/Code/User/globalStorage/bmd.stm32-for-vscode/@xpack-dev-tools/arm-none-eabi-gcc/13.3.1-1.1.1/.content/bin/../lib/gcc/arm-none-eabi/13.3.1/../../../../arm-none-eabi/lib/thumb/v7e-m+dp/hard/libnosys.a
START GROUP
LOAD /home/chris/.config/Code/User/globalStorage/bmd.stm32-for-vscode/@xpack-dev-tools/arm-none-eabi-gcc/13.3.1-1.1.1/.content/bin/../lib/gcc/arm-none-eabi/13.3.1/thumb/v7e-m+dp/hard/libgcc.a
LOAD /home/chris/.config/Code/User/globalStorage/bmd.stm32-for-vscode/@xpack-dev-tools/arm-none-eabi-gcc/13.3.1-1.1.1/.content/bin/../lib/gcc/arm-none-eabi/13.3.1/../../../../arm-none-eabi/lib/thumb/v7e-m+dp/hard/libc_nano.a
END GROUP
START GROUP
LOAD /home/chris/.config/Code/User/globalStorage/bmd.stm32-for-vscode/@xpack-dev-tools/arm-none-eabi-gcc/13.3.1-1.1.1/.content/bin/../lib/gcc/arm-none-eabi/13.3.1/thumb/v7e-m+dp/hard/libgcc.a
LOAD /home/chris/.config/Code/User/globalStorage/bmd.stm32-for-vscode/@xpack-dev-tools/arm-none-eabi-gcc/13.3.1-1.1.1/.content/bin/../lib/gcc/arm-none-eabi/13.3.1/../../../../arm-none-eabi/lib/thumb/v7e-m+dp/hard/libc_nano.a
END GROUP
LOAD /home/chris/.config/Code/User/globalStorage/bmd.stm32-for-vscode/@xpack-dev-tools/arm-none-eabi-gcc/13.3.1-1.1.1/.content/bin/../lib/gcc/arm-none-eabi/13.3.1/thumb/v7e-m+dp/hard/crtend.o
LOAD /home/chris/.config/Code/User/globalStorage/bmd.stm32-for-vscode/@xpack-dev-tools/arm-none-eabi-gcc/13.3.1-1.1.1/.content/bin/../lib/gcc/arm-none-eabi/13.3.1/thumb/v7e-m+dp/hard/crtn.o
                0x24050000                        _estack = (ORIGIN (RAM_D1) + LENGTH (RAM_D1))
                0x00000200                        _Min_Heap_Size = 0x200
                0x00000400                        _Min_Stack_Size = 0x400

.isr_vector     0x08000000      0x2cc
                0x08000000                        . = ALIGN (0x4)
 *(.isr_vector)
 .isr_vector    0x08000000      0x2cc build/debug/startup_stm32h723xx.o
                0x08000000                g_pfnVectors
                0x080002cc                        . = ALIGN (0x4)

.text           0x080002d0     0x4fec
                0x080002d0                        . = ALIGN (0x4)
 *(.text)
 .text          0x080002d0       0xc0 build/debug/Middlewares/ST/threadx/ports/cortex_m7/gnu/src/tx_thread_schedule.o
                0x080002d0                _tx_thread_schedule
                0x080002fc                PendSV_Handler
                0x080002fc                __tx_PendSVHandler
                0x0800037e                tx_thread_fpu_enable
                0x0800037e                tx_thread_fpu_disable
 .text          0x08000390       0xb8 build/debug/Middlewares/ST/threadx/ports/cortex_m7/gnu/src/tx_timer_interrupt.o
                0x08000390                _tx_timer_interrupt
 *fill*         0x08000448        0x8 
 .text          0x08000450       0x80 build/debug/Src/tx_initialize_low_level.o
                0x08000450                _tx_initialize_low_level
                0x08000494                __tx_BadHandler
                0x08000498                __tx_HardfaultHandler
                0x0800049c                __tx_SVCallHandler
                0x080004a0                __tx_IntHandler
                0x080004a8                SysTick_Handler
                0x080004a8                __tx_SysTickHandler
                0x080004b4                __tx_NMIHandler
                0x080004b8                __tx_DBGHandler
 .text          0x080004d0       0xa0 /home/chris/.config/Code/User/globalStorage/bmd.stm32-for-vscode/@xpack-dev-tools/arm-none-eabi-gcc/13.3.1-1.1.1/.content/bin/../lib/gcc/arm-none-eabi/13.3.1/../../../../arm-none-eabi/lib/thumb/v7e-m+dp/hard/libc_nano.a(libc_a-memchr.o)
                0x080004d0                memchr
 .text          0x08000570       0x30 /home/chris/.config/Code/User/globalStorage/bmd.stm32-for-vscode/@xpack-dev-tools/arm-none-eabi-gcc/13.3.1-1.1.1/.content/bin/../lib/gcc/arm-none-eabi/13.3.1/thumb/v7e-m+dp/hard/libgcc.a(_aeabi_uldivmod.o)
                0x08000570                __aeabi_uldivmod
 .text          0x080005a0        0x4 /home/chris/.config/Code/User/globalStorage/bmd.stm32-for-vscode/@xpack-dev-tools/arm-none-eabi-gcc/13.3.1-1.1.1/.content/bin/../lib/gcc/arm-none-eabi/13.3.1/thumb/v7e-m+dp/hard/libgcc.a(_dvmd_tls.o)
                0x080005a0                __aeabi_ldiv0
                0x080005a0                __aeabi_idiv0
 *(.text*)
 .text.__do_global_dtors_aux
                0x080005a4       0x24 /home/chris/.config/Code/User/globalStorage/bmd.stm32-for-vscode/@xpack-dev-tools/arm-none-eabi-gcc/13.3.1-1.1.1/.content/bin/../lib/gcc/arm-none-eabi/13.3.1/thumb/v7e-m+dp/hard/crtbegin.o
 .text.frame_dummy
                0x080005c8       0x1c /home/chris/.config/Code/User/globalStorage/bmd.stm32-for-vscode/@xpack-dev-tools/arm-none-eabi-gcc/13.3.1-1.1.1/.content/bin/../lib/gcc/arm-none-eabi/13.3.1/thumb/v7e-m+dp/hard/crtbegin.o
 .text.HAL_Init
                0x080005e4       0x5c build/debug/Drivers/STM32H7xx_HAL_Driver/Src/stm32h7xx_hal.o
                0x080005e4                HAL_Init
 .text.HAL_IncTick
                0x08000640       0x18 build/debug/Drivers/STM32H7xx_HAL_Driver/Src/stm32h7xx_hal.o
                0x08000640                HAL_IncTick
 .text.HAL_GetTick
                0x08000658        0xc build/debug/Drivers/STM32H7xx_HAL_Driver/Src/stm32h7xx_hal.o
                0x08000658                HAL_GetTick
 .text.HAL_Delay
                0x08000664       0x28 build/debug/Drivers/STM32H7xx_HAL_Driver/Src/stm32h7xx_hal.o
                0x08000664                HAL_Delay
 .text.__NVIC_EnableIRQ
                0x0800068c       0x1c build/debug/Drivers/STM32H7xx_HAL_Driver/Src/stm32h7xx_hal_cortex.o
 .text.__NVIC_SetPriority
                0x080006a8       0x24 build/debug/Drivers/STM32H7xx_HAL_Driver/Src/stm32h7xx_hal_cortex.o
 .text.NVIC_EncodePriority
                0x080006cc       0x3e build/debug/Drivers/STM32H7xx_HAL_Driver/Src/stm32h7xx_hal_cortex.o
 *fill*         0x0800070a        0x2 
 .text.HAL_NVIC_SetPriorityGrouping
                0x0800070c       0x24 build/debug/Drivers/STM32H7xx_HAL_Driver/Src/stm32h7xx_hal_cortex.o
                0x0800070c                HAL_NVIC_SetPriorityGrouping
 .text.HAL_NVIC_SetPriority
                0x08000730       0x20 build/debug/Drivers/STM32H7xx_HAL_Driver/Src/stm32h7xx_hal_cortex.o
                0x08000730                HAL_NVIC_SetPriority
 .text.HAL_NVIC_EnableIRQ
                0x08000750        0x8 build/debug/Drivers/STM32H7xx_HAL_Driver/Src/stm32h7xx_hal_cortex.o
                0x08000750                HAL_NVIC_EnableIRQ
 .text.HAL_MPU_Disable
                0x08000758       0x1c build/debug/Drivers/STM32H7xx_HAL_Driver/Src/stm32h7xx_hal_cortex.o
                0x08000758                HAL_MPU_Disable
 .text.HAL_MPU_Enable
                0x08000774       0x20 build/debug/Drivers/STM32H7xx_HAL_Driver/Src/stm32h7xx_hal_cortex.o
                0x08000774                HAL_MPU_Enable
 .text.HAL_MPU_ConfigRegion
                0x08000794       0x58 build/debug/Drivers/STM32H7xx_HAL_Driver/Src/stm32h7xx_hal_cortex.o
                0x08000794                HAL_MPU_ConfigRegion
 .text.HAL_GPIO_Init
                0x080007ec      0x214 build/debug/Drivers/STM32H7xx_HAL_Driver/Src/stm32h7xx_hal_gpio.o
                0x080007ec                HAL_GPIO_Init
 .text.HAL_GPIO_WritePin
                0x08000a00        0xc build/debug/Drivers/STM32H7xx_HAL_Driver/Src/stm32h7xx_hal_gpio.o
                0x08000a00                HAL_GPIO_WritePin
 .text.HAL_GPIO_TogglePin
                0x08000a0c       0x12 build/debug/Drivers/STM32H7xx_HAL_Driver/Src/stm32h7xx_hal_gpio.o
                0x08000a0c                HAL_GPIO_TogglePin
 *fill*         0x08000a1e        0x2 
 .text.HAL_PWREx_ConfigSupply
                0x08000a20       0x54 build/debug/Drivers/STM32H7xx_HAL_Driver/Src/stm32h7xx_hal_pwr_ex.o
                0x08000a20                HAL_PWREx_ConfigSupply
 .text.HAL_RCC_OscConfig
                0x08000a74      0x5e4 build/debug/Drivers/STM32H7xx_HAL_Driver/Src/stm32h7xx_hal_rcc.o
                0x08000a74                HAL_RCC_OscConfig
 .text.HAL_RCC_GetSysClockFreq
                0x08001058      0x1f8 build/debug/Drivers/STM32H7xx_HAL_Driver/Src/stm32h7xx_hal_rcc.o
                0x08001058                HAL_RCC_GetSysClockFreq
 .text.HAL_RCC_ClockConfig
                0x08001250      0x294 build/debug/Drivers/STM32H7xx_HAL_Driver/Src/stm32h7xx_hal_rcc.o
                0x08001250                HAL_RCC_ClockConfig
 .text.HAL_RCC_GetHCLKFreq
                0x080014e4       0x44 build/debug/Drivers/STM32H7xx_HAL_Driver/Src/stm32h7xx_hal_rcc.o
                0x080014e4                HAL_RCC_GetHCLKFreq
 .text.HAL_RCC_GetPCLK1Freq
                0x08001528       0x24 build/debug/Drivers/STM32H7xx_HAL_Driver/Src/stm32h7xx_hal_rcc.o
                0x08001528                HAL_RCC_GetPCLK1Freq
 .text.HAL_RCC_GetPCLK2Freq
                0x0800154c       0x24 build/debug/Drivers/STM32H7xx_HAL_Driver/Src/stm32h7xx_hal_rcc.o
                0x0800154c                HAL_RCC_GetPCLK2Freq
 .text.HAL_RCC_GetClockConfig
                0x08001570       0x54 build/debug/Drivers/STM32H7xx_HAL_Driver/Src/stm32h7xx_hal_rcc.o
                0x08001570                HAL_RCC_GetClockConfig
 .text.RCCEx_PLL2_Config
                0x080015c4      0x108 build/debug/Drivers/STM32H7xx_HAL_Driver/Src/stm32h7xx_hal_rcc_ex.o
 .text.RCCEx_PLL3_Config
                0x080016cc      0x108 build/debug/Drivers/STM32H7xx_HAL_Driver/Src/stm32h7xx_hal_rcc_ex.o
 .text.HAL_RCCEx_PeriphCLKConfig
                0x080017d4      0xa2c build/debug/Drivers/STM32H7xx_HAL_Driver/Src/stm32h7xx_hal_rcc_ex.o
                0x080017d4                HAL_RCCEx_PeriphCLKConfig
 .text.HAL_RCCEx_GetD3PCLK1Freq
                0x08002200       0x24 build/debug/Drivers/STM32H7xx_HAL_Driver/Src/stm32h7xx_hal_rcc_ex.o
                0x08002200                HAL_RCCEx_GetD3PCLK1Freq
 .text.HAL_RCCEx_GetPLL2ClockFreq
                0x08002224      0x200 build/debug/Drivers/STM32H7xx_HAL_Driver/Src/stm32h7xx_hal_rcc_ex.o
                0x08002224                HAL_RCCEx_GetPLL2ClockFreq
 .text.HAL_RCCEx_GetPLL3ClockFreq
                0x08002424      0x200 build/debug/Drivers/STM32H7xx_HAL_Driver/Src/stm32h7xx_hal_rcc_ex.o
                0x08002424                HAL_RCCEx_GetPLL3ClockFreq
 .text.HAL_TIM_Base_MspInit
                0x08002624        0x2 build/debug/Drivers/STM32H7xx_HAL_Driver/Src/stm32h7xx_hal_tim.o
                0x08002624                HAL_TIM_Base_MspInit
 *fill*         0x08002626        0x2 
 .text.HAL_TIM_Base_Start_IT
                0x08002628       0xa0 build/debug/Drivers/STM32H7xx_HAL_Driver/Src/stm32h7xx_hal_tim.o
                0x08002628                HAL_TIM_Base_Start_IT
 .text.HAL_TIM_OC_DelayElapsedCallback
                0x080026c8        0x2 build/debug/Drivers/STM32H7xx_HAL_Driver/Src/stm32h7xx_hal_tim.o
                0x080026c8                HAL_TIM_OC_DelayElapsedCallback
 .text.HAL_TIM_IC_CaptureCallback
                0x080026ca        0x2 build/debug/Drivers/STM32H7xx_HAL_Driver/Src/stm32h7xx_hal_tim.o
                0x080026ca                HAL_TIM_IC_CaptureCallback
 .text.HAL_TIM_PWM_PulseFinishedCallback
                0x080026cc        0x2 build/debug/Drivers/STM32H7xx_HAL_Driver/Src/stm32h7xx_hal_tim.o
                0x080026cc                HAL_TIM_PWM_PulseFinishedCallback
 .text.HAL_TIM_TriggerCallback
                0x080026ce        0x2 build/debug/Drivers/STM32H7xx_HAL_Driver/Src/stm32h7xx_hal_tim.o
                0x080026ce                HAL_TIM_TriggerCallback
 .text.HAL_TIM_IRQHandler
                0x080026d0      0x17a build/debug/Drivers/STM32H7xx_HAL_Driver/Src/stm32h7xx_hal_tim.o
                0x080026d0                HAL_TIM_IRQHandler
 *fill*         0x0800284a        0x2 
 .text.TIM_Base_SetConfig
                0x0800284c      0x130 build/debug/Drivers/STM32H7xx_HAL_Driver/Src/stm32h7xx_hal_tim.o
                0x0800284c                TIM_Base_SetConfig
 .text.HAL_TIM_Base_Init
                0x0800297c       0x60 build/debug/Drivers/STM32H7xx_HAL_Driver/Src/stm32h7xx_hal_tim.o
                0x0800297c                HAL_TIM_Base_Init
 .text.HAL_TIMEx_CommutCallback
                0x080029dc        0x2 build/debug/Drivers/STM32H7xx_HAL_Driver/Src/stm32h7xx_hal_tim_ex.o
                0x080029dc                HAL_TIMEx_CommutCallback
 .text.HAL_TIMEx_BreakCallback
                0x080029de        0x2 build/debug/Drivers/STM32H7xx_HAL_Driver/Src/stm32h7xx_hal_tim_ex.o
                0x080029de                HAL_TIMEx_BreakCallback
 .text.HAL_TIMEx_Break2Callback
                0x080029e0        0x2 build/debug/Drivers/STM32H7xx_HAL_Driver/Src/stm32h7xx_hal_tim_ex.o
                0x080029e0                HAL_TIMEx_Break2Callback
 *fill*         0x080029e2        0x2 
 .text.UART_EndRxTransfer
                0x080029e4       0x58 build/debug/Drivers/STM32H7xx_HAL_Driver/Src/stm32h7xx_hal_uart.o
 .text.UART_SetConfig
                0x08002a3c      0x6c4 build/debug/Drivers/STM32H7xx_HAL_Driver/Src/stm32h7xx_hal_uart.o
                0x08002a3c                UART_SetConfig
 .text.UART_AdvFeatureConfig
                0x08003100       0xca build/debug/Drivers/STM32H7xx_HAL_Driver/Src/stm32h7xx_hal_uart.o
                0x08003100                UART_AdvFeatureConfig
 .text.UART_WaitOnFlagUntilTimeout
                0x080031ca       0xa6 build/debug/Drivers/STM32H7xx_HAL_Driver/Src/stm32h7xx_hal_uart.o
                0x080031ca                UART_WaitOnFlagUntilTimeout
 .text.HAL_UART_Transmit
                0x08003270       0xd0 build/debug/Drivers/STM32H7xx_HAL_Driver/Src/stm32h7xx_hal_uart.o
                0x08003270                HAL_UART_Transmit
 .text.HAL_UART_Receive
                0x08003340      0x116 build/debug/Drivers/STM32H7xx_HAL_Driver/Src/stm32h7xx_hal_uart.o
                0x08003340                HAL_UART_Receive
 .text.UART_CheckIdleState
                0x08003456       0xca build/debug/Drivers/STM32H7xx_HAL_Driver/Src/stm32h7xx_hal_uart.o
                0x08003456                UART_CheckIdleState
 .text.HAL_UART_Init
                0x08003520       0x66 build/debug/Drivers/STM32H7xx_HAL_Driver/Src/stm32h7xx_hal_uart.o
                0x08003520                HAL_UART_Init
 *fill*         0x08003586        0x2 
 .text.UARTEx_SetNbDataToProcess
                0x08003588       0x4c build/debug/Drivers/STM32H7xx_HAL_Driver/Src/stm32h7xx_hal_uart_ex.o
 .text.HAL_UARTEx_DisableFifoMode
                0x080035d4       0x3e build/debug/Drivers/STM32H7xx_HAL_Driver/Src/stm32h7xx_hal_uart_ex.o
                0x080035d4                HAL_UARTEx_DisableFifoMode
 .text.HAL_UARTEx_SetTxFifoThreshold
                0x08003612       0x4a build/debug/Drivers/STM32H7xx_HAL_Driver/Src/stm32h7xx_hal_uart_ex.o
                0x08003612                HAL_UARTEx_SetTxFifoThreshold
 .text.HAL_UARTEx_SetRxFifoThreshold
                0x0800365c       0x4a build/debug/Drivers/STM32H7xx_HAL_Driver/Src/stm32h7xx_hal_uart_ex.o
                0x0800365c                HAL_UARTEx_SetRxFifoThreshold
 *fill*         0x080036a6        0x2 
 .text._tx_thread_system_resume
                0x080036a8      0x134 build/debug/Middlewares/ST/threadx/common/src/tx_thread_system_resume.o
                0x080036a8                _tx_thread_system_resume
 .text._tx_thread_time_slice
                0x080037dc       0x60 build/debug/Middlewares/ST/threadx/common/src/tx_thread_time_slice.o
                0x080037dc                _tx_thread_time_slice
 .text._tx_timer_expiration_process
                0x0800383c       0x24 build/debug/Middlewares/ST/threadx/common/src/tx_timer_expiration_process.o
                0x0800383c                _tx_timer_expiration_process
 .text._tx_timer_system_deactivate
                0x08003860       0x2e build/debug/Middlewares/ST/threadx/common/src/tx_timer_system_deactivate.o
                0x08003860                _tx_timer_system_deactivate
 .text.MPU_Config
                0x0800388e       0x52 build/debug/Src/main.o
 .text.MX_GPIO_Init
                0x080038e0       0xec build/debug/Src/main.o
 .text.verifyChecksumRS485
                0x080039cc       0x22 build/debug/Src/main.o
                0x080039cc                verifyChecksumRS485
 *fill*         0x080039ee        0x2 
 .text.setStateRS485
                0x080039f0       0x44 build/debug/Src/main.o
                0x080039f0                setStateRS485
 .text.__io_putchar
                0x08003a34       0x20 build/debug/Src/main.o
                0x08003a34                __io_putchar
 .text.HAL_TIM_PeriodElapsedCallback
                0x08003a54       0x18 build/debug/Src/main.o
                0x08003a54                HAL_TIM_PeriodElapsedCallback
 .text.Error_Handler
                0x08003a6c       0x30 build/debug/Src/main.o
                0x08003a6c                Error_Handler
 .text.MX_USART3_UART_Init
                0x08003a9c       0x60 build/debug/Src/main.o
 .text.MX_USART2_UART_Init
                0x08003afc       0x60 build/debug/Src/main.o
 .text.SystemClock_Config
                0x08003b5c       0xa8 build/debug/Src/main.o
                0x08003b5c                SystemClock_Config
 .text.main     0x08003c04      0x130 build/debug/Src/main.o
                0x08003c04                main
 .text.HAL_MspInit
                0x08003d34       0x24 build/debug/Src/stm32h7xx_hal_msp.o
                0x08003d34                HAL_MspInit
 .text.HAL_UART_MspInit
                0x08003d58      0x124 build/debug/Src/stm32h7xx_hal_msp.o
                0x08003d58                HAL_UART_MspInit
 .text.HAL_InitTick
                0x08003e7c       0x9c build/debug/Src/stm32h7xx_hal_timebase_tim.o
                0x08003e7c                HAL_InitTick
 .text.NMI_Handler
                0x08003f18        0x2 build/debug/Src/stm32h7xx_it.o
                0x08003f18                NMI_Handler
 .text.HardFault_Handler
                0x08003f1a        0x2 build/debug/Src/stm32h7xx_it.o
                0x08003f1a                HardFault_Handler
 .text.MemManage_Handler
                0x08003f1c        0x2 build/debug/Src/stm32h7xx_it.o
                0x08003f1c                MemManage_Handler
 .text.BusFault_Handler
                0x08003f1e        0x2 build/debug/Src/stm32h7xx_it.o
                0x08003f1e                BusFault_Handler
 .text.UsageFault_Handler
                0x08003f20        0x2 build/debug/Src/stm32h7xx_it.o
                0x08003f20                UsageFault_Handler
 .text.DebugMon_Handler
                0x08003f22        0x2 build/debug/Src/stm32h7xx_it.o
                0x08003f22                DebugMon_Handler
 .text.TIM6_DAC_IRQHandler
                0x08003f24       0x10 build/debug/Src/stm32h7xx_it.o
                0x08003f24                TIM6_DAC_IRQHandler
 .text._read    0x08003f34       0x20 build/debug/Src/syscalls.o
                0x08003f34                _read
 .text._write   0x08003f54       0x1c build/debug/Src/syscalls.o
                0x08003f54                _write
 .text._close   0x08003f70        0x6 build/debug/Src/syscalls.o
                0x08003f70                _close
 .text._fstat   0x08003f76        0xa build/debug/Src/syscalls.o
                0x08003f76                _fstat
 .text._isatty  0x08003f80        0x4 build/debug/Src/syscalls.o
                0x08003f80                _isatty
 .text._lseek   0x08003f84        0x4 build/debug/Src/syscalls.o
                0x08003f84                _lseek
 .text._sbrk    0x08003f88       0x48 build/debug/Src/sysmem.o
                0x08003f88                _sbrk
 .text.SystemInit
                0x08003fd0       0xac build/debug/Src/system_stm32h7xx.o
                0x08003fd0                SystemInit
 .text.Reset_Handler
                0x0800407c       0x50 build/debug/startup_stm32h723xx.o
                0x0800407c                Reset_Handler
 .text.Default_Handler
                0x080040cc        0x2 build/debug/startup_stm32h723xx.o
                0x080040cc                RTC_Alarm_IRQHandler
                0x080040cc                EXTI2_IRQHandler
                0x080040cc                TIM8_CC_IRQHandler
                0x080040cc                UART8_IRQHandler
                0x080040cc                SPI4_IRQHandler
                0x080040cc                FDCAN3_IT0_IRQHandler
                0x080040cc                TIM1_CC_IRQHandler
                0x080040cc                BDMA_Channel6_IRQHandler
                0x080040cc                DMA2_Stream5_IRQHandler
                0x080040cc                DMA1_Stream5_IRQHandler
                0x080040cc                CORDIC_IRQHandler
                0x080040cc                BDMA_Channel1_IRQHandler
                0x080040cc                TAMP_STAMP_IRQHandler
                0x080040cc                EXTI3_IRQHandler
                0x080040cc                LPTIM4_IRQHandler
                0x080040cc                TIM8_TRG_COM_TIM14_IRQHandler
                0x080040cc                LPTIM2_IRQHandler
                0x080040cc                DFSDM1_FLT1_IRQHandler
                0x080040cc                DMAMUX2_OVR_IRQHandler
                0x080040cc                TIM8_UP_TIM13_IRQHandler
                0x080040cc                I2C3_ER_IRQHandler
                0x080040cc                DFSDM1_FLT2_IRQHandler
                0x080040cc                I2C5_EV_IRQHandler
                0x080040cc                USART10_IRQHandler
                0x080040cc                MDMA_IRQHandler
                0x080040cc                LPTIM3_IRQHandler
                0x080040cc                HSEM1_IRQHandler
                0x080040cc                EXTI0_IRQHandler
                0x080040cc                I2C2_EV_IRQHandler
                0x080040cc                DMA1_Stream2_IRQHandler
                0x080040cc                FPU_IRQHandler
                0x080040cc                OTG_HS_WKUP_IRQHandler
                0x080040cc                FDCAN1_IT1_IRQHandler
                0x080040cc                LTDC_ER_IRQHandler
                0x080040cc                DMA2_Stream2_IRQHandler
                0x080040cc                SPI1_IRQHandler
                0x080040cc                OCTOSPI1_IRQHandler
                0x080040cc                DMA2_Stream3_IRQHandler
                0x080040cc                OCTOSPI2_IRQHandler
                0x080040cc                DFSDM1_FLT3_IRQHandler
                0x080040cc                TIM23_IRQHandler
                0x080040cc                USART6_IRQHandler
                0x080040cc                TIM17_IRQHandler
                0x080040cc                USART3_IRQHandler
                0x080040cc                BDMA_Channel7_IRQHandler
                0x080040cc                LPTIM5_IRQHandler
                0x080040cc                UART5_IRQHandler
                0x080040cc                ADC3_IRQHandler
                0x080040cc                DMA2_Stream0_IRQHandler
                0x080040cc                TIM4_IRQHandler
                0x080040cc                BDMA_Channel2_IRQHandler
                0x080040cc                I2C1_EV_IRQHandler
                0x080040cc                DMA1_Stream6_IRQHandler
                0x080040cc                DMAMUX1_OVR_IRQHandler
                0x080040cc                DMA1_Stream1_IRQHandler
                0x080040cc                TIM16_IRQHandler
                0x080040cc                UART4_IRQHandler
                0x080040cc                BDMA_Channel5_IRQHandler
                0x080040cc                TIM3_IRQHandler
                0x080040cc                RCC_IRQHandler
                0x080040cc                UART9_IRQHandler
                0x080040cc                TIM8_BRK_TIM12_IRQHandler
                0x080040cc                TIM1_TRG_COM_IRQHandler
                0x080040cc                Default_Handler
                0x080040cc                ECC_IRQHandler
                0x080040cc                FMAC_IRQHandler
                0x080040cc                CEC_IRQHandler
                0x080040cc                EXTI15_10_IRQHandler
                0x080040cc                BDMA_Channel0_IRQHandler
                0x080040cc                ADC_IRQHandler
                0x080040cc                I2C5_ER_IRQHandler
                0x080040cc                DMA1_Stream7_IRQHandler
                0x080040cc                SPI5_IRQHandler
                0x080040cc                TIM7_IRQHandler
                0x080040cc                FDCAN3_IT1_IRQHandler
                0x080040cc                SDMMC1_IRQHandler
                0x080040cc                TIM5_IRQHandler
                0x080040cc                DMA2_Stream7_IRQHandler
                0x080040cc                TIM15_IRQHandler
                0x080040cc                PVD_AVD_IRQHandler
                0x080040cc                I2C3_EV_IRQHandler
                0x080040cc                EXTI9_5_IRQHandler
                0x080040cc                RTC_WKUP_IRQHandler
                0x080040cc                LTDC_IRQHandler
                0x080040cc                ETH_WKUP_IRQHandler
                0x080040cc                SPDIF_RX_IRQHandler
                0x080040cc                SPI2_IRQHandler
                0x080040cc                OTG_HS_EP1_IN_IRQHandler
                0x080040cc                DMA1_Stream0_IRQHandler
                0x080040cc                TIM24_IRQHandler
                0x080040cc                SVC_Handler
                0x080040cc                CRS_IRQHandler
                0x080040cc                EXTI4_IRQHandler
                0x080040cc                RNG_IRQHandler
                0x080040cc                FDCAN2_IT1_IRQHandler
                0x080040cc                ETH_IRQHandler
                0x080040cc                TIM1_UP_IRQHandler
                0x080040cc                BDMA_Channel4_IRQHandler
                0x080040cc                OTG_HS_EP1_OUT_IRQHandler
                0x080040cc                WWDG_IRQHandler
                0x080040cc                SPI6_IRQHandler
                0x080040cc                MDIOS_IRQHandler
                0x080040cc                I2C4_EV_IRQHandler
                0x080040cc                FDCAN2_IT0_IRQHandler
                0x080040cc                LPUART1_IRQHandler
                0x080040cc                FDCAN1_IT0_IRQHandler
                0x080040cc                TIM2_IRQHandler
                0x080040cc                OTG_HS_IRQHandler
                0x080040cc                DMA2D_IRQHandler
                0x080040cc                TIM1_BRK_IRQHandler
                0x080040cc                EXTI1_IRQHandler
                0x080040cc                SDMMC2_IRQHandler
                0x080040cc                BDMA_Channel3_IRQHandler
                0x080040cc                DTS_IRQHandler
                0x080040cc                UART7_IRQHandler
                0x080040cc                MDIOS_WKUP_IRQHandler
                0x080040cc                USART2_IRQHandler
                0x080040cc                DFSDM1_FLT0_IRQHandler
                0x080040cc                SAI4_IRQHandler
                0x080040cc                I2C2_ER_IRQHandler
                0x080040cc                DMA2_Stream1_IRQHandler
                0x080040cc                FLASH_IRQHandler
                0x080040cc                DMA2_Stream4_IRQHandler
                0x080040cc                USART1_IRQHandler
                0x080040cc                SPI3_IRQHandler
                0x080040cc                WAKEUP_PIN_IRQHandler
                0x080040cc                DMA1_Stream4_IRQHandler
                0x080040cc                I2C1_ER_IRQHandler
                0x080040cc                FMC_IRQHandler
                0x080040cc                FDCAN_CAL_IRQHandler
                0x080040cc                SWPMI1_IRQHandler
                0x080040cc                COMP1_IRQHandler
                0x080040cc                LPTIM1_IRQHandler
                0x080040cc                DCMI_PSSI_IRQHandler
                0x080040cc                I2C4_ER_IRQHandler
                0x080040cc                DMA2_Stream6_IRQHandler
                0x080040cc                SAI1_IRQHandler
                0x080040cc                DMA1_Stream3_IRQHandler
 *fill*         0x080040ce        0x2 
 .text.std      0x080040d0       0x6c /home/chris/.config/Code/User/globalStorage/bmd.stm32-for-vscode/@xpack-dev-tools/arm-none-eabi-gcc/13.3.1-1.1.1/.content/bin/../lib/gcc/arm-none-eabi/13.3.1/../../../../arm-none-eabi/lib/thumb/v7e-m+dp/hard/libc_nano.a(libc_a-findfp.o)
 .text.stdio_exit_handler
                0x0800413c       0x18 /home/chris/.config/Code/User/globalStorage/bmd.stm32-for-vscode/@xpack-dev-tools/arm-none-eabi-gcc/13.3.1-1.1.1/.content/bin/../lib/gcc/arm-none-eabi/13.3.1/../../../../arm-none-eabi/lib/thumb/v7e-m+dp/hard/libc_nano.a(libc_a-findfp.o)
 .text.cleanup_stdio
                0x08004154       0x40 /home/chris/.config/Code/User/globalStorage/bmd.stm32-for-vscode/@xpack-dev-tools/arm-none-eabi-gcc/13.3.1-1.1.1/.content/bin/../lib/gcc/arm-none-eabi/13.3.1/../../../../arm-none-eabi/lib/thumb/v7e-m+dp/hard/libc_nano.a(libc_a-findfp.o)
 .text.global_stdio_init.part.0
                0x08004194       0x3c /home/chris/.config/Code/User/globalStorage/bmd.stm32-for-vscode/@xpack-dev-tools/arm-none-eabi-gcc/13.3.1-1.1.1/.content/bin/../lib/gcc/arm-none-eabi/13.3.1/../../../../arm-none-eabi/lib/thumb/v7e-m+dp/hard/libc_nano.a(libc_a-findfp.o)
 .text.__sfp_lock_acquire
                0x080041d0        0xc /home/chris/.config/Code/User/globalStorage/bmd.stm32-for-vscode/@xpack-dev-tools/arm-none-eabi-gcc/13.3.1-1.1.1/.content/bin/../lib/gcc/arm-none-eabi/13.3.1/../../../../arm-none-eabi/lib/thumb/v7e-m+dp/hard/libc_nano.a(libc_a-findfp.o)
                0x080041d0                __sfp_lock_acquire
 .text.__sfp_lock_release
                0x080041dc        0xc /home/chris/.config/Code/User/globalStorage/bmd.stm32-for-vscode/@xpack-dev-tools/arm-none-eabi-gcc/13.3.1-1.1.1/.content/bin/../lib/gcc/arm-none-eabi/13.3.1/../../../../arm-none-eabi/lib/thumb/v7e-m+dp/hard/libc_nano.a(libc_a-findfp.o)
                0x080041dc                __sfp_lock_release
 .text.__sinit  0x080041e8       0x30 /home/chris/.config/Code/User/globalStorage/bmd.stm32-for-vscode/@xpack-dev-tools/arm-none-eabi-gcc/13.3.1-1.1.1/.content/bin/../lib/gcc/arm-none-eabi/13.3.1/../../../../arm-none-eabi/lib/thumb/v7e-m+dp/hard/libc_nano.a(libc_a-findfp.o)
                0x080041e8                __sinit
 .text._fwalk_sglue
                0x08004218       0x3c /home/chris/.config/Code/User/globalStorage/bmd.stm32-for-vscode/@xpack-dev-tools/arm-none-eabi-gcc/13.3.1-1.1.1/.content/bin/../lib/gcc/arm-none-eabi/13.3.1/../../../../arm-none-eabi/lib/thumb/v7e-m+dp/hard/libc_nano.a(libc_a-fwalk.o)
                0x08004218                _fwalk_sglue
 .text.printf   0x08004254       0x24 /home/chris/.config/Code/User/globalStorage/bmd.stm32-for-vscode/@xpack-dev-tools/arm-none-eabi-gcc/13.3.1-1.1.1/.content/bin/../lib/gcc/arm-none-eabi/13.3.1/../../../../arm-none-eabi/lib/thumb/v7e-m+dp/hard/libc_nano.a(libc_a-printf.o)
                0x08004254                printf
                0x08004254                iprintf
 .text._puts_r  0x08004278       0xaa /home/chris/.config/Code/User/globalStorage/bmd.stm32-for-vscode/@xpack-dev-tools/arm-none-eabi-gcc/13.3.1-1.1.1/.content/bin/../lib/gcc/arm-none-eabi/13.3.1/../../../../arm-none-eabi/lib/thumb/v7e-m+dp/hard/libc_nano.a(libc_a-puts.o)
                0x08004278                _puts_r
 *fill*         0x08004322        0x2 
 .text.puts     0x08004324       0x10 /home/chris/.config/Code/User/globalStorage/bmd.stm32-for-vscode/@xpack-dev-tools/arm-none-eabi-gcc/13.3.1-1.1.1/.content/bin/../lib/gcc/arm-none-eabi/13.3.1/../../../../arm-none-eabi/lib/thumb/v7e-m+dp/hard/libc_nano.a(libc_a-puts.o)
                0x08004324                puts
 .text.__sread  0x08004334       0x22 /home/chris/.config/Code/User/globalStorage/bmd.stm32-for-vscode/@xpack-dev-tools/arm-none-eabi-gcc/13.3.1-1.1.1/.content/bin/../lib/gcc/arm-none-eabi/13.3.1/../../../../arm-none-eabi/lib/thumb/v7e-m+dp/hard/libc_nano.a(libc_a-stdio.o)
                0x08004334                __sread
 .text.__swrite
                0x08004356       0x38 /home/chris/.config/Code/User/globalStorage/bmd.stm32-for-vscode/@xpack-dev-tools/arm-none-eabi-gcc/13.3.1-1.1.1/.content/bin/../lib/gcc/arm-none-eabi/13.3.1/../../../../arm-none-eabi/lib/thumb/v7e-m+dp/hard/libc_nano.a(libc_a-stdio.o)
                0x08004356                __swrite
 .text.__sseek  0x0800438e       0x24 /home/chris/.config/Code/User/globalStorage/bmd.stm32-for-vscode/@xpack-dev-tools/arm-none-eabi-gcc/13.3.1-1.1.1/.content/bin/../lib/gcc/arm-none-eabi/13.3.1/../../../../arm-none-eabi/lib/thumb/v7e-m+dp/hard/libc_nano.a(libc_a-stdio.o)
                0x0800438e                __sseek
 .text.__sclose
                0x080043b2        0x8 /home/chris/.config/Code/User/globalStorage/bmd.stm32-for-vscode/@xpack-dev-tools/arm-none-eabi-gcc/13.3.1-1.1.1/.content/bin/../lib/gcc/arm-none-eabi/13.3.1/../../../../arm-none-eabi/lib/thumb/v7e-m+dp/hard/libc_nano.a(libc_a-stdio.o)
                0x080043b2                __sclose
 .text.__swbuf_r
                0x080043ba       0x7c /home/chris/.config/Code/User/globalStorage/bmd.stm32-for-vscode/@xpack-dev-tools/arm-none-eabi-gcc/13.3.1-1.1.1/.content/bin/../lib/gcc/arm-none-eabi/13.3.1/../../../../arm-none-eabi/lib/thumb/v7e-m+dp/hard/libc_nano.a(libc_a-wbuf.o)
                0x080043ba                __swbuf_r
 *fill*         0x08004436        0x2 
 .text.__swsetup_r
                0x08004438       0xac /home/chris/.config/Code/User/globalStorage/bmd.stm32-for-vscode/@xpack-dev-tools/arm-none-eabi-gcc/13.3.1-1.1.1/.content/bin/../lib/gcc/arm-none-eabi/13.3.1/../../../../arm-none-eabi/lib/thumb/v7e-m+dp/hard/libc_nano.a(libc_a-wsetup.o)
                0x08004438                __swsetup_r
 .text.memset   0x080044e4       0x10 /home/chris/.config/Code/User/globalStorage/bmd.stm32-for-vscode/@xpack-dev-tools/arm-none-eabi-gcc/13.3.1-1.1.1/.content/bin/../lib/gcc/arm-none-eabi/13.3.1/../../../../arm-none-eabi/lib/thumb/v7e-m+dp/hard/libc_nano.a(libc_a-memset.o)
                0x080044e4                memset
 .text._close_r
                0x080044f4       0x20 /home/chris/.config/Code/User/globalStorage/bmd.stm32-for-vscode/@xpack-dev-tools/arm-none-eabi-gcc/13.3.1-1.1.1/.content/bin/../lib/gcc/arm-none-eabi/13.3.1/../../../../arm-none-eabi/lib/thumb/v7e-m+dp/hard/libc_nano.a(libc_a-closer.o)
                0x080044f4                _close_r
 .text._lseek_r
                0x08004514       0x24 /home/chris/.config/Code/User/globalStorage/bmd.stm32-for-vscode/@xpack-dev-tools/arm-none-eabi-gcc/13.3.1-1.1.1/.content/bin/../lib/gcc/arm-none-eabi/13.3.1/../../../../arm-none-eabi/lib/thumb/v7e-m+dp/hard/libc_nano.a(libc_a-lseekr.o)
                0x08004514                _lseek_r
 .text._read_r  0x08004538       0x24 /home/chris/.config/Code/User/globalStorage/bmd.stm32-for-vscode/@xpack-dev-tools/arm-none-eabi-gcc/13.3.1-1.1.1/.content/bin/../lib/gcc/arm-none-eabi/13.3.1/../../../../arm-none-eabi/lib/thumb/v7e-m+dp/hard/libc_nano.a(libc_a-readr.o)
                0x08004538                _read_r
 .text._write_r
                0x0800455c       0x24 /home/chris/.config/Code/User/globalStorage/bmd.stm32-for-vscode/@xpack-dev-tools/arm-none-eabi-gcc/13.3.1-1.1.1/.content/bin/../lib/gcc/arm-none-eabi/13.3.1/../../../../arm-none-eabi/lib/thumb/v7e-m+dp/hard/libc_nano.a(libc_a-writer.o)
                0x0800455c                _write_r
 .text.__errno  0x08004580        0xc /home/chris/.config/Code/User/globalStorage/bmd.stm32-for-vscode/@xpack-dev-tools/arm-none-eabi-gcc/13.3.1-1.1.1/.content/bin/../lib/gcc/arm-none-eabi/13.3.1/../../../../arm-none-eabi/lib/thumb/v7e-m+dp/hard/libc_nano.a(libc_a-errno.o)
                0x08004580                __errno
 .text.__libc_init_array
                0x0800458c       0x48 /home/chris/.config/Code/User/globalStorage/bmd.stm32-for-vscode/@xpack-dev-tools/arm-none-eabi-gcc/13.3.1-1.1.1/.content/bin/../lib/gcc/arm-none-eabi/13.3.1/../../../../arm-none-eabi/lib/thumb/v7e-m+dp/hard/libc_nano.a(libc_a-init.o)
                0x0800458c                __libc_init_array
 .text.__retarget_lock_init_recursive
                0x080045d4        0x2 /home/chris/.config/Code/User/globalStorage/bmd.stm32-for-vscode/@xpack-dev-tools/arm-none-eabi-gcc/13.3.1-1.1.1/.content/bin/../lib/gcc/arm-none-eabi/13.3.1/../../../../arm-none-eabi/lib/thumb/v7e-m+dp/hard/libc_nano.a(libc_a-lock.o)
                0x080045d4                __retarget_lock_init_recursive
 .text.__retarget_lock_acquire_recursive
                0x080045d6        0x2 /home/chris/.config/Code/User/globalStorage/bmd.stm32-for-vscode/@xpack-dev-tools/arm-none-eabi-gcc/13.3.1-1.1.1/.content/bin/../lib/gcc/arm-none-eabi/13.3.1/../../../../arm-none-eabi/lib/thumb/v7e-m+dp/hard/libc_nano.a(libc_a-lock.o)
                0x080045d6                __retarget_lock_acquire_recursive
 .text.__retarget_lock_release_recursive
                0x080045d8        0x2 /home/chris/.config/Code/User/globalStorage/bmd.stm32-for-vscode/@xpack-dev-tools/arm-none-eabi-gcc/13.3.1-1.1.1/.content/bin/../lib/gcc/arm-none-eabi/13.3.1/../../../../arm-none-eabi/lib/thumb/v7e-m+dp/hard/libc_nano.a(libc_a-lock.o)
                0x080045d8                __retarget_lock_release_recursive
 *fill*         0x080045da        0x2 
 .text._free_r  0x080045dc       0x94 /home/chris/.config/Code/User/globalStorage/bmd.stm32-for-vscode/@xpack-dev-tools/arm-none-eabi-gcc/13.3.1-1.1.1/.content/bin/../lib/gcc/arm-none-eabi/13.3.1/../../../../arm-none-eabi/lib/thumb/v7e-m+dp/hard/libc_nano.a(libc_a-freer.o)
                0x080045dc                _free_r
 .text.sbrk_aligned
                0x08004670       0x44 /home/chris/.config/Code/User/globalStorage/bmd.stm32-for-vscode/@xpack-dev-tools/arm-none-eabi-gcc/13.3.1-1.1.1/.content/bin/../lib/gcc/arm-none-eabi/13.3.1/../../../../arm-none-eabi/lib/thumb/v7e-m+dp/hard/libc_nano.a(libc_a-mallocr.o)
 .text._malloc_r
                0x080046b4      0x100 /home/chris/.config/Code/User/globalStorage/bmd.stm32-for-vscode/@xpack-dev-tools/arm-none-eabi-gcc/13.3.1-1.1.1/.content/bin/../lib/gcc/arm-none-eabi/13.3.1/../../../../arm-none-eabi/lib/thumb/v7e-m+dp/hard/libc_nano.a(libc_a-mallocr.o)
                0x080046b4                _malloc_r
 .text.__malloc_lock
                0x080047b4        0xc /home/chris/.config/Code/User/globalStorage/bmd.stm32-for-vscode/@xpack-dev-tools/arm-none-eabi-gcc/13.3.1-1.1.1/.content/bin/../lib/gcc/arm-none-eabi/13.3.1/../../../../arm-none-eabi/lib/thumb/v7e-m+dp/hard/libc_nano.a(libc_a-mlock.o)
                0x080047b4                __malloc_lock
 .text.__malloc_unlock
                0x080047c0        0xc /home/chris/.config/Code/User/globalStorage/bmd.stm32-for-vscode/@xpack-dev-tools/arm-none-eabi-gcc/13.3.1-1.1.1/.content/bin/../lib/gcc/arm-none-eabi/13.3.1/../../../../arm-none-eabi/lib/thumb/v7e-m+dp/hard/libc_nano.a(libc_a-mlock.o)
                0x080047c0                __malloc_unlock
 .text.__sfputc_r
                0x080047cc       0x2e /home/chris/.config/Code/User/globalStorage/bmd.stm32-for-vscode/@xpack-dev-tools/arm-none-eabi-gcc/13.3.1-1.1.1/.content/bin/../lib/gcc/arm-none-eabi/13.3.1/../../../../arm-none-eabi/lib/thumb/v7e-m+dp/hard/libc_nano.a(libc_a-nano-vfprintf.o)
 .text.__sfputs_r
                0x080047fa       0x24 /home/chris/.config/Code/User/globalStorage/bmd.stm32-for-vscode/@xpack-dev-tools/arm-none-eabi-gcc/13.3.1-1.1.1/.content/bin/../lib/gcc/arm-none-eabi/13.3.1/../../../../arm-none-eabi/lib/thumb/v7e-m+dp/hard/libc_nano.a(libc_a-nano-vfprintf.o)
                0x080047fa                __sfputs_r
 *fill*         0x0800481e        0x2 
 .text._vfprintf_r
                0x08004820      0x230 /home/chris/.config/Code/User/globalStorage/bmd.stm32-for-vscode/@xpack-dev-tools/arm-none-eabi-gcc/13.3.1-1.1.1/.content/bin/../lib/gcc/arm-none-eabi/13.3.1/../../../../arm-none-eabi/lib/thumb/v7e-m+dp/hard/libc_nano.a(libc_a-nano-vfprintf.o)
                0x08004820                _vfiprintf_r
                0x08004820                _vfprintf_r
 .text._printf_common
                0x08004a50       0xda /home/chris/.config/Code/User/globalStorage/bmd.stm32-for-vscode/@xpack-dev-tools/arm-none-eabi-gcc/13.3.1-1.1.1/.content/bin/../lib/gcc/arm-none-eabi/13.3.1/../../../../arm-none-eabi/lib/thumb/v7e-m+dp/hard/libc_nano.a(libc_a-nano-vfprintf_i.o)
                0x08004a50                _printf_common
 *fill*         0x08004b2a        0x2 
 .text._printf_i
                0x08004b2c      0x23c /home/chris/.config/Code/User/globalStorage/bmd.stm32-for-vscode/@xpack-dev-tools/arm-none-eabi-gcc/13.3.1-1.1.1/.content/bin/../lib/gcc/arm-none-eabi/13.3.1/../../../../arm-none-eabi/lib/thumb/v7e-m+dp/hard/libc_nano.a(libc_a-nano-vfprintf_i.o)
                0x08004b2c                _printf_i
 .text.__sflush_r
                0x08004d68      0x108 /home/chris/.config/Code/User/globalStorage/bmd.stm32-for-vscode/@xpack-dev-tools/arm-none-eabi-gcc/13.3.1-1.1.1/.content/bin/../lib/gcc/arm-none-eabi/13.3.1/../../../../arm-none-eabi/lib/thumb/v7e-m+dp/hard/libc_nano.a(libc_a-fflush.o)
                0x08004d68                __sflush_r
 .text._fflush_r
                0x08004e70       0x50 /home/chris/.config/Code/User/globalStorage/bmd.stm32-for-vscode/@xpack-dev-tools/arm-none-eabi-gcc/13.3.1-1.1.1/.content/bin/../lib/gcc/arm-none-eabi/13.3.1/../../../../arm-none-eabi/lib/thumb/v7e-m+dp/hard/libc_nano.a(libc_a-fflush.o)
                0x08004e70                _fflush_r
 .text.__swhatbuf_r
                0x08004ec0       0x4c /home/chris/.config/Code/User/globalStorage/bmd.stm32-for-vscode/@xpack-dev-tools/arm-none-eabi-gcc/13.3.1-1.1.1/.content/bin/../lib/gcc/arm-none-eabi/13.3.1/../../../../arm-none-eabi/lib/thumb/v7e-m+dp/hard/libc_nano.a(libc_a-makebuf.o)
                0x08004ec0                __swhatbuf_r
 .text.__smakebuf_r
                0x08004f0c       0x78 /home/chris/.config/Code/User/globalStorage/bmd.stm32-for-vscode/@xpack-dev-tools/arm-none-eabi-gcc/13.3.1-1.1.1/.content/bin/../lib/gcc/arm-none-eabi/13.3.1/../../../../arm-none-eabi/lib/thumb/v7e-m+dp/hard/libc_nano.a(libc_a-makebuf.o)
                0x08004f0c                __smakebuf_r
 .text._fstat_r
                0x08004f84       0x24 /home/chris/.config/Code/User/globalStorage/bmd.stm32-for-vscode/@xpack-dev-tools/arm-none-eabi-gcc/13.3.1-1.1.1/.content/bin/../lib/gcc/arm-none-eabi/13.3.1/../../../../arm-none-eabi/lib/thumb/v7e-m+dp/hard/libc_nano.a(libc_a-fstatr.o)
                0x08004f84                _fstat_r
 .text._isatty_r
                0x08004fa8       0x20 /home/chris/.config/Code/User/globalStorage/bmd.stm32-for-vscode/@xpack-dev-tools/arm-none-eabi-gcc/13.3.1-1.1.1/.content/bin/../lib/gcc/arm-none-eabi/13.3.1/../../../../arm-none-eabi/lib/thumb/v7e-m+dp/hard/libc_nano.a(libc_a-isattyr.o)
                0x08004fa8                _isatty_r
 .text._sbrk_r  0x08004fc8       0x20 /home/chris/.config/Code/User/globalStorage/bmd.stm32-for-vscode/@xpack-dev-tools/arm-none-eabi-gcc/13.3.1-1.1.1/.content/bin/../lib/gcc/arm-none-eabi/13.3.1/../../../../arm-none-eabi/lib/thumb/v7e-m+dp/hard/libc_nano.a(libc_a-sbrkr.o)
                0x08004fc8                _sbrk_r
 .text.__udivmoddi4
                0x08004fe8      0x2bc /home/chris/.config/Code/User/globalStorage/bmd.stm32-for-vscode/@xpack-dev-tools/arm-none-eabi-gcc/13.3.1-1.1.1/.content/bin/../lib/gcc/arm-none-eabi/13.3.1/thumb/v7e-m+dp/hard/libgcc.a(_udivmoddi4.o)
                0x08004fe8                __udivmoddi4
 *(.glue_7)
 .glue_7        0x080052a4        0x0 linker stubs
 *(.glue_7t)
 .glue_7t       0x080052a4        0x0 linker stubs
 *(.eh_frame)
 .eh_frame      0x080052a4        0x0 /home/chris/.config/Code/User/globalStorage/bmd.stm32-for-vscode/@xpack-dev-tools/arm-none-eabi-gcc/13.3.1-1.1.1/.content/bin/../lib/gcc/arm-none-eabi/13.3.1/thumb/v7e-m+dp/hard/crtbegin.o
 *(.init)
 .init          0x080052a4        0x4 /home/chris/.config/Code/User/globalStorage/bmd.stm32-for-vscode/@xpack-dev-tools/arm-none-eabi-gcc/13.3.1-1.1.1/.content/bin/../lib/gcc/arm-none-eabi/13.3.1/thumb/v7e-m+dp/hard/crti.o
                0x080052a4                _init
 .init          0x080052a8        0x8 /home/chris/.config/Code/User/globalStorage/bmd.stm32-for-vscode/@xpack-dev-tools/arm-none-eabi-gcc/13.3.1-1.1.1/.content/bin/../lib/gcc/arm-none-eabi/13.3.1/thumb/v7e-m+dp/hard/crtn.o
 *(.fini)
 .fini          0x080052b0        0x4 /home/chris/.config/Code/User/globalStorage/bmd.stm32-for-vscode/@xpack-dev-tools/arm-none-eabi-gcc/13.3.1-1.1.1/.content/bin/../lib/gcc/arm-none-eabi/13.3.1/thumb/v7e-m+dp/hard/crti.o
                0x080052b0                _fini
 .fini          0x080052b4        0x8 /home/chris/.config/Code/User/globalStorage/bmd.stm32-for-vscode/@xpack-dev-tools/arm-none-eabi-gcc/13.3.1-1.1.1/.content/bin/../lib/gcc/arm-none-eabi/13.3.1/thumb/v7e-m+dp/hard/crtn.o
                0x080052bc                        . = ALIGN (0x4)
                0x080052bc                        _etext = .

.vfp11_veneer   0x080052bc        0x0
 .vfp11_veneer  0x080052bc        0x0 linker stubs

.v4_bx          0x080052bc        0x0
 .v4_bx         0x080052bc        0x0 linker stubs

.iplt           0x080052bc        0x0
 .iplt          0x080052bc        0x0 /home/chris/.config/Code/User/globalStorage/bmd.stm32-for-vscode/@xpack-dev-tools/arm-none-eabi-gcc/13.3.1-1.1.1/.content/bin/../lib/gcc/arm-none-eabi/13.3.1/thumb/v7e-m+dp/hard/crtbegin.o

.rodata         0x080052bc       0xb8
                0x080052bc                        . = ALIGN (0x4)
 *(.rodata)
 *(.rodata*)
 .rodata.UARTPrescTable
                0x080052bc       0x18 build/debug/Drivers/STM32H7xx_HAL_Driver/Src/stm32h7xx_hal_uart.o
                0x080052bc                UARTPrescTable
 .rodata.denominator.0
                0x080052d4        0x8 build/debug/Drivers/STM32H7xx_HAL_Driver/Src/stm32h7xx_hal_uart_ex.o
 .rodata.numerator.1
                0x080052dc        0x8 build/debug/Drivers/STM32H7xx_HAL_Driver/Src/stm32h7xx_hal_uart_ex.o
 .rodata.Error_Handler.str1.4
                0x080052e4       0x49 build/debug/Src/main.o
                                 0x18 (size before relaxing)
 .rodata.main.str1.4
                0x0800532d       0x31 build/debug/Src/main.o
 *fill*         0x0800532d        0x3 
 .rodata.D1CorePrescTable
                0x08005330       0x10 build/debug/Src/system_stm32h7xx.o
                0x08005330                D1CorePrescTable
 .rodata._vfprintf_r.str1.1
                0x08005340       0x33 /home/chris/.config/Code/User/globalStorage/bmd.stm32-for-vscode/@xpack-dev-tools/arm-none-eabi-gcc/13.3.1-1.1.1/.content/bin/../lib/gcc/arm-none-eabi/13.3.1/../../../../arm-none-eabi/lib/thumb/v7e-m+dp/hard/libc_nano.a(libc_a-nano-vfprintf.o)
                                 0x11 (size before relaxing)
 .rodata._printf_i.str1.1
                0x08005373       0x22 /home/chris/.config/Code/User/globalStorage/bmd.stm32-for-vscode/@xpack-dev-tools/arm-none-eabi-gcc/13.3.1-1.1.1/.content/bin/../lib/gcc/arm-none-eabi/13.3.1/../../../../arm-none-eabi/lib/thumb/v7e-m+dp/hard/libc_nano.a(libc_a-nano-vfprintf_i.o)
                0x08005398                        . = ALIGN (0x4)
 *fill*         0x08005373        0x1 

.ARM.extab
 *(.ARM.extab* .gnu.linkonce.armextab.*)

.ARM            0x08005374        0x8
                0x08005374                        __exidx_start = .
 *(.ARM.exidx*)
 .ARM.exidx     0x08005374        0x8 /home/chris/.config/Code/User/globalStorage/bmd.stm32-for-vscode/@xpack-dev-tools/arm-none-eabi-gcc/13.3.1-1.1.1/.content/bin/../lib/gcc/arm-none-eabi/13.3.1/../../../../arm-none-eabi/lib/thumb/v7e-m+dp/hard/libc_nano.a(libc_a-memchr.o)
 .ARM.exidx.text.__udivmoddi4
                0x0800537c        0x0 /home/chris/.config/Code/User/globalStorage/bmd.stm32-for-vscode/@xpack-dev-tools/arm-none-eabi-gcc/13.3.1-1.1.1/.content/bin/../lib/gcc/arm-none-eabi/13.3.1/thumb/v7e-m+dp/hard/libgcc.a(_udivmoddi4.o)
                                  0x8 (size before relaxing)
                0x0800537c                        __exidx_end = .

.preinit_array  0x0800537c        0x0
                0x0800537c                        PROVIDE (__preinit_array_start = .)
 *(.preinit_array*)
                0x0800537c                        PROVIDE (__preinit_array_end = .)

.init_array     0x0800537c        0x4
                0x0800537c                        PROVIDE (__init_array_start = .)
 *(SORT_BY_NAME(.init_array.*))
 *(.init_array*)
 .init_array    0x0800537c        0x4 /home/chris/.config/Code/User/globalStorage/bmd.stm32-for-vscode/@xpack-dev-tools/arm-none-eabi-gcc/13.3.1-1.1.1/.content/bin/../lib/gcc/arm-none-eabi/13.3.1/thumb/v7e-m+dp/hard/crtbegin.o
                0x08005380                        PROVIDE (__init_array_end = .)

.fini_array     0x08005380        0x4
                0x08005380                        PROVIDE (__fini_array_start = .)
 *(SORT_BY_NAME(.fini_array.*))
 *(.fini_array*)
 .fini_array    0x08005380        0x4 /home/chris/.config/Code/User/globalStorage/bmd.stm32-for-vscode/@xpack-dev-tools/arm-none-eabi-gcc/13.3.1-1.1.1/.content/bin/../lib/gcc/arm-none-eabi/13.3.1/thumb/v7e-m+dp/hard/crtbegin.o
                0x08005384                        PROVIDE (__fini_array_end = .)
                0x08005384                        _sidata = LOADADDR (.data)

.rel.dyn        0x08005384        0x0
 .rel.iplt      0x08005384        0x0 /home/chris/.config/Code/User/globalStorage/bmd.stm32-for-vscode/@xpack-dev-tools/arm-none-eabi-gcc/13.3.1-1.1.1/.content/bin/../lib/gcc/arm-none-eabi/13.3.1/thumb/v7e-m+dp/hard/crtbegin.o

.data           0x24000000       0x6c load address 0x08005384
                0x24000000                        . = ALIGN (0x4)
                0x24000000                        _sdata = .
 *(.data)
 *(.data*)
 .data.uwTickFreq
                0x24000000        0x1 build/debug/Drivers/STM32H7xx_HAL_Driver/Src/stm32h7xx_hal.o
                0x24000000                uwTickFreq
 *fill*         0x24000001        0x3 
 .data.uwTickPrio
                0x24000004        0x4 build/debug/Drivers/STM32H7xx_HAL_Driver/Src/stm32h7xx_hal.o
                0x24000004                uwTickPrio
 .data.SystemD2Clock
                0x24000008        0x4 build/debug/Src/system_stm32h7xx.o
                0x24000008                SystemD2Clock
 .data.SystemCoreClock
                0x2400000c        0x4 build/debug/Src/system_stm32h7xx.o
                0x2400000c                SystemCoreClock
 .data.__sglue  0x24000010        0xc /home/chris/.config/Code/User/globalStorage/bmd.stm32-for-vscode/@xpack-dev-tools/arm-none-eabi-gcc/13.3.1-1.1.1/.content/bin/../lib/gcc/arm-none-eabi/13.3.1/../../../../arm-none-eabi/lib/thumb/v7e-m+dp/hard/libc_nano.a(libc_a-findfp.o)
                0x24000010                __sglue
 .data._impure_ptr
                0x2400001c        0x4 /home/chris/.config/Code/User/globalStorage/bmd.stm32-for-vscode/@xpack-dev-tools/arm-none-eabi-gcc/13.3.1-1.1.1/.content/bin/../lib/gcc/arm-none-eabi/13.3.1/../../../../arm-none-eabi/lib/thumb/v7e-m+dp/hard/libc_nano.a(libc_a-impure.o)
                0x2400001c                _impure_ptr
 .data._impure_data
                0x24000020       0x4c /home/chris/.config/Code/User/globalStorage/bmd.stm32-for-vscode/@xpack-dev-tools/arm-none-eabi-gcc/13.3.1-1.1.1/.content/bin/../lib/gcc/arm-none-eabi/13.3.1/../../../../arm-none-eabi/lib/thumb/v7e-m+dp/hard/libc_nano.a(libc_a-impure.o)
                0x24000020                _impure_data
 *(.RamFunc)
 *(.RamFunc*)
                0x2400006c                        . = ALIGN (0x4)
                0x2400006c                        _edata = .

.igot.plt       0x2400006c        0x0 load address 0x080053f0
 .igot.plt      0x2400006c        0x0 /home/chris/.config/Code/User/globalStorage/bmd.stm32-for-vscode/@xpack-dev-tools/arm-none-eabi-gcc/13.3.1-1.1.1/.content/bin/../lib/gcc/arm-none-eabi/13.3.1/thumb/v7e-m+dp/hard/crtbegin.o
                0x2400006c                        . = ALIGN (0x4)

.bss            0x2400006c      0x44c load address 0x080053f0
                0x2400006c                        _sbss = .
                0x2400006c                        __bss_start__ = _sbss
 *(.bss)
 *(.bss*)
 .bss.completed.1
                0x2400006c        0x1 /home/chris/.config/Code/User/globalStorage/bmd.stm32-for-vscode/@xpack-dev-tools/arm-none-eabi-gcc/13.3.1-1.1.1/.content/bin/../lib/gcc/arm-none-eabi/13.3.1/thumb/v7e-m+dp/hard/crtbegin.o
 *fill*         0x2400006d        0x3 
 .bss.object.0  0x24000070       0x18 /home/chris/.config/Code/User/globalStorage/bmd.stm32-for-vscode/@xpack-dev-tools/arm-none-eabi-gcc/13.3.1-1.1.1/.content/bin/../lib/gcc/arm-none-eabi/13.3.1/thumb/v7e-m+dp/hard/crtbegin.o
 .bss.uwTick    0x24000088        0x4 build/debug/Drivers/STM32H7xx_HAL_Driver/Src/stm32h7xx_hal.o
                0x24000088                uwTick
 .bss._tx_thread_preempt_disable
                0x2400008c        0x4 build/debug/Middlewares/ST/threadx/common/src/tx_thread_initialize.o
                0x2400008c                _tx_thread_preempt_disable
 .bss._tx_thread_priority_list
                0x24000090       0x80 build/debug/Middlewares/ST/threadx/common/src/tx_thread_initialize.o
                0x24000090                _tx_thread_priority_list
 .bss._tx_thread_highest_priority
                0x24000110        0x4 build/debug/Middlewares/ST/threadx/common/src/tx_thread_initialize.o
                0x24000110                _tx_thread_highest_priority
 .bss._tx_thread_preempted_maps
                0x24000114        0x4 build/debug/Middlewares/ST/threadx/common/src/tx_thread_initialize.o
                0x24000114                _tx_thread_preempted_maps
 .bss._tx_thread_priority_maps
                0x24000118        0x4 build/debug/Middlewares/ST/threadx/common/src/tx_thread_initialize.o
                0x24000118                _tx_thread_priority_maps
 .bss._tx_thread_execute_ptr
                0x2400011c        0x4 build/debug/Middlewares/ST/threadx/common/src/tx_thread_initialize.o
                0x2400011c                _tx_thread_execute_ptr
 .bss._tx_thread_current_ptr
                0x24000120        0x4 build/debug/Middlewares/ST/threadx/common/src/tx_thread_initialize.o
                0x24000120                _tx_thread_current_ptr
 .bss._tx_thread_system_stack_ptr
                0x24000124        0x4 build/debug/Middlewares/ST/threadx/common/src/tx_thread_initialize.o
                0x24000124                _tx_thread_system_stack_ptr
 .bss._tx_timer_time_slice
                0x24000128        0x4 build/debug/Middlewares/ST/threadx/common/src/tx_timer_initialize.o
                0x24000128                _tx_timer_time_slice
 .bss._tx_timer_thread
                0x2400012c       0xb0 build/debug/Middlewares/ST/threadx/common/src/tx_timer_initialize.o
                0x2400012c                _tx_timer_thread
 .bss._tx_timer_expired
                0x240001dc        0x4 build/debug/Middlewares/ST/threadx/common/src/tx_timer_initialize.o
                0x240001dc                _tx_timer_expired
 .bss._tx_timer_current_ptr
                0x240001e0        0x4 build/debug/Middlewares/ST/threadx/common/src/tx_timer_initialize.o
                0x240001e0                _tx_timer_current_ptr
 .bss._tx_timer_list_end
                0x240001e4        0x4 build/debug/Middlewares/ST/threadx/common/src/tx_timer_initialize.o
                0x240001e4                _tx_timer_list_end
 .bss._tx_timer_list_start
                0x240001e8        0x4 build/debug/Middlewares/ST/threadx/common/src/tx_timer_initialize.o
                0x240001e8                _tx_timer_list_start
 .bss._tx_timer_expired_time_slice
                0x240001ec        0x4 build/debug/Middlewares/ST/threadx/common/src/tx_timer_initialize.o
                0x240001ec                _tx_timer_expired_time_slice
 .bss._tx_timer_system_clock
                0x240001f0        0x4 build/debug/Middlewares/ST/threadx/common/src/tx_timer_initialize.o
                0x240001f0                _tx_timer_system_clock
 .bss.huart3    0x240001f4       0x94 build/debug/Src/main.o
                0x240001f4                huart3
 .bss.huart2    0x24000288       0x94 build/debug/Src/main.o
                0x24000288                huart2
 .bss.htim6     0x2400031c       0x4c build/debug/Src/stm32h7xx_hal_timebase_tim.o
                0x2400031c                htim6
 .bss.__sbrk_heap_end
                0x24000368        0x4 build/debug/Src/sysmem.o
 .bss.__sf      0x2400036c      0x138 /home/chris/.config/Code/User/globalStorage/bmd.stm32-for-vscode/@xpack-dev-tools/arm-none-eabi-gcc/13.3.1-1.1.1/.content/bin/../lib/gcc/arm-none-eabi/13.3.1/../../../../arm-none-eabi/lib/thumb/v7e-m+dp/hard/libc_nano.a(libc_a-findfp.o)
                0x2400036c                __sf
 .bss.__stdio_exit_handler
                0x240004a4        0x4 /home/chris/.config/Code/User/globalStorage/bmd.stm32-for-vscode/@xpack-dev-tools/arm-none-eabi-gcc/13.3.1-1.1.1/.content/bin/../lib/gcc/arm-none-eabi/13.3.1/../../../../arm-none-eabi/lib/thumb/v7e-m+dp/hard/libc_nano.a(libc_a-findfp.o)
                0x240004a4                __stdio_exit_handler
 .bss.errno     0x240004a8        0x4 /home/chris/.config/Code/User/globalStorage/bmd.stm32-for-vscode/@xpack-dev-tools/arm-none-eabi-gcc/13.3.1-1.1.1/.content/bin/../lib/gcc/arm-none-eabi/13.3.1/../../../../arm-none-eabi/lib/thumb/v7e-m+dp/hard/libc_nano.a(libc_a-reent.o)
                0x240004a8                errno
 .bss.__lock___malloc_recursive_mutex
                0x240004ac        0x1 /home/chris/.config/Code/User/globalStorage/bmd.stm32-for-vscode/@xpack-dev-tools/arm-none-eabi-gcc/13.3.1-1.1.1/.content/bin/../lib/gcc/arm-none-eabi/13.3.1/../../../../arm-none-eabi/lib/thumb/v7e-m+dp/hard/libc_nano.a(libc_a-lock.o)
                0x240004ac                __lock___malloc_recursive_mutex
 .bss.__lock___sfp_recursive_mutex
                0x240004ad        0x1 /home/chris/.config/Code/User/globalStorage/bmd.stm32-for-vscode/@xpack-dev-tools/arm-none-eabi-gcc/13.3.1-1.1.1/.content/bin/../lib/gcc/arm-none-eabi/13.3.1/../../../../arm-none-eabi/lib/thumb/v7e-m+dp/hard/libc_nano.a(libc_a-lock.o)
                0x240004ad                __lock___sfp_recursive_mutex
 *fill*         0x240004ae        0x2 
 .bss.__malloc_sbrk_start
                0x240004b0        0x4 /home/chris/.config/Code/User/globalStorage/bmd.stm32-for-vscode/@xpack-dev-tools/arm-none-eabi-gcc/13.3.1-1.1.1/.content/bin/../lib/gcc/arm-none-eabi/13.3.1/../../../../arm-none-eabi/lib/thumb/v7e-m+dp/hard/libc_nano.a(libc_a-mallocr.o)
                0x240004b0                __malloc_sbrk_start
 .bss.__malloc_free_list
                0x240004b4        0x4 /home/chris/.config/Code/User/globalStorage/bmd.stm32-for-vscode/@xpack-dev-tools/arm-none-eabi-gcc/13.3.1-1.1.1/.content/bin/../lib/gcc/arm-none-eabi/13.3.1/../../../../arm-none-eabi/lib/thumb/v7e-m+dp/hard/libc_nano.a(libc_a-mallocr.o)
                0x240004b4                __malloc_free_list
 *(COMMON)
                0x240004b8                        . = ALIGN (0x4)
                0x240004b8                        _ebss = .
                0x240004b8                        __bss_end__ = _ebss

._user_heap_stack
                0x240004b8      0x600 load address 0x080053f0
                0x240004b8                        . = ALIGN (0x8)
                [!provide]                        PROVIDE (end = .)
                0x240004b8                        PROVIDE (_end = .)
                0x240006b8                        . = (. + _Min_Heap_Size)
 *fill*         0x240004b8      0x200 
                0x24000ab8                        . = (. + _Min_Stack_Size)
 *fill*         0x240006b8      0x400 
                0x24000ab8                        . = ALIGN (0x8)

/DISCARD/
 libc.a(*)
 libm.a(*)
 libgcc.a(*)

.ARM.attributes
                0x00000000       0x2e
 *(.ARM.attributes)
 .ARM.attributes
                0x00000000       0x20 /home/chris/.config/Code/User/globalStorage/bmd.stm32-for-vscode/@xpack-dev-tools/arm-none-eabi-gcc/13.3.1-1.1.1/.content/bin/../lib/gcc/arm-none-eabi/13.3.1/thumb/v7e-m+dp/hard/crti.o
 .ARM.attributes
                0x00000020       0x32 /home/chris/.config/Code/User/globalStorage/bmd.stm32-for-vscode/@xpack-dev-tools/arm-none-eabi-gcc/13.3.1-1.1.1/.content/bin/../lib/gcc/arm-none-eabi/13.3.1/thumb/v7e-m+dp/hard/crtbegin.o
 .ARM.attributes
                0x00000052       0x32 build/debug/Drivers/STM32H7xx_HAL_Driver/Src/stm32h7xx_hal.o
 .ARM.attributes
                0x00000084       0x32 build/debug/Drivers/STM32H7xx_HAL_Driver/Src/stm32h7xx_hal_cortex.o
 .ARM.attributes
                0x000000b6       0x32 build/debug/Drivers/STM32H7xx_HAL_Driver/Src/stm32h7xx_hal_gpio.o
 .ARM.attributes
                0x000000e8       0x32 build/debug/Drivers/STM32H7xx_HAL_Driver/Src/stm32h7xx_hal_pwr_ex.o
 .ARM.attributes
                0x0000011a       0x32 build/debug/Drivers/STM32H7xx_HAL_Driver/Src/stm32h7xx_hal_rcc.o
 .ARM.attributes
                0x0000014c       0x32 build/debug/Drivers/STM32H7xx_HAL_Driver/Src/stm32h7xx_hal_rcc_ex.o
 .ARM.attributes
                0x0000017e       0x32 build/debug/Drivers/STM32H7xx_HAL_Driver/Src/stm32h7xx_hal_tim.o
 .ARM.attributes
                0x000001b0       0x32 build/debug/Drivers/STM32H7xx_HAL_Driver/Src/stm32h7xx_hal_tim_ex.o
 .ARM.attributes
                0x000001e2       0x32 build/debug/Drivers/STM32H7xx_HAL_Driver/Src/stm32h7xx_hal_uart.o
 .ARM.attributes
                0x00000214       0x32 build/debug/Drivers/STM32H7xx_HAL_Driver/Src/stm32h7xx_hal_uart_ex.o
 .ARM.attributes
                0x00000246       0x32 build/debug/Middlewares/ST/threadx/common/src/tx_thread_initialize.o
 .ARM.attributes
                0x00000278       0x32 build/debug/Middlewares/ST/threadx/common/src/tx_thread_system_resume.o
 .ARM.attributes
                0x000002aa       0x32 build/debug/Middlewares/ST/threadx/common/src/tx_thread_time_slice.o
 .ARM.attributes
                0x000002dc       0x32 build/debug/Middlewares/ST/threadx/common/src/tx_timer_expiration_process.o
 .ARM.attributes
                0x0000030e       0x32 build/debug/Middlewares/ST/threadx/common/src/tx_timer_initialize.o
 .ARM.attributes
                0x00000340       0x32 build/debug/Middlewares/ST/threadx/common/src/tx_timer_system_deactivate.o
 .ARM.attributes
                0x00000372       0x32 build/debug/Src/main.o
 .ARM.attributes
                0x000003a4       0x32 build/debug/Src/stm32h7xx_hal_msp.o
 .ARM.attributes
                0x000003d6       0x32 build/debug/Src/stm32h7xx_hal_timebase_tim.o
 .ARM.attributes
                0x00000408       0x32 build/debug/Src/stm32h7xx_it.o
 .ARM.attributes
                0x0000043a       0x32 build/debug/Src/syscalls.o
 .ARM.attributes
                0x0000046c       0x32 build/debug/Src/sysmem.o
 .ARM.attributes
                0x0000049e       0x32 build/debug/Src/system_stm32h7xx.o
 .ARM.attributes
                0x000004d0       0x1e build/debug/Middlewares/ST/threadx/ports/cortex_m7/gnu/src/tx_thread_schedule.o
 .ARM.attributes
                0x000004ee       0x1e build/debug/Middlewares/ST/threadx/ports/cortex_m7/gnu/src/tx_timer_interrupt.o
 .ARM.attributes
                0x0000050c       0x1e build/debug/Src/tx_initialize_low_level.o
 .ARM.attributes
                0x0000052a       0x21 build/debug/startup_stm32h723xx.o
 .ARM.attributes
                0x0000054b       0x32 /home/chris/.config/Code/User/globalStorage/bmd.stm32-for-vscode/@xpack-dev-tools/arm-none-eabi-gcc/13.3.1-1.1.1/.content/bin/../lib/gcc/arm-none-eabi/13.3.1/../../../../arm-none-eabi/lib/thumb/v7e-m+dp/hard/libc_nano.a(libc_a-findfp.o)
 .ARM.attributes
                0x0000057d       0x32 /home/chris/.config/Code/User/globalStorage/bmd.stm32-for-vscode/@xpack-dev-tools/arm-none-eabi-gcc/13.3.1-1.1.1/.content/bin/../lib/gcc/arm-none-eabi/13.3.1/../../../../arm-none-eabi/lib/thumb/v7e-m+dp/hard/libc_nano.a(libc_a-fwalk.o)
 .ARM.attributes
                0x000005af       0x32 /home/chris/.config/Code/User/globalStorage/bmd.stm32-for-vscode/@xpack-dev-tools/arm-none-eabi-gcc/13.3.1-1.1.1/.content/bin/../lib/gcc/arm-none-eabi/13.3.1/../../../../arm-none-eabi/lib/thumb/v7e-m+dp/hard/libc_nano.a(libc_a-printf.o)
 .ARM.attributes
                0x000005e1       0x32 /home/chris/.config/Code/User/globalStorage/bmd.stm32-for-vscode/@xpack-dev-tools/arm-none-eabi-gcc/13.3.1-1.1.1/.content/bin/../lib/gcc/arm-none-eabi/13.3.1/../../../../arm-none-eabi/lib/thumb/v7e-m+dp/hard/libc_nano.a(libc_a-puts.o)
 .ARM.attributes
                0x00000613       0x32 /home/chris/.config/Code/User/globalStorage/bmd.stm32-for-vscode/@xpack-dev-tools/arm-none-eabi-gcc/13.3.1-1.1.1/.content/bin/../lib/gcc/arm-none-eabi/13.3.1/../../../../arm-none-eabi/lib/thumb/v7e-m+dp/hard/libc_nano.a(libc_a-stdio.o)
 .ARM.attributes
                0x00000645       0x32 /home/chris/.config/Code/User/globalStorage/bmd.stm32-for-vscode/@xpack-dev-tools/arm-none-eabi-gcc/13.3.1-1.1.1/.content/bin/../lib/gcc/arm-none-eabi/13.3.1/../../../../arm-none-eabi/lib/thumb/v7e-m+dp/hard/libc_nano.a(libc_a-wbuf.o)
 .ARM.attributes
                0x00000677       0x32 /home/chris/.config/Code/User/globalStorage/bmd.stm32-for-vscode/@xpack-dev-tools/arm-none-eabi-gcc/13.3.1-1.1.1/.content/bin/../lib/gcc/arm-none-eabi/13.3.1/../../../../arm-none-eabi/lib/thumb/v7e-m+dp/hard/libc_nano.a(libc_a-wsetup.o)
 .ARM.attributes
                0x000006a9       0x32 /home/chris/.config/Code/User/globalStorage/bmd.stm32-for-vscode/@xpack-dev-tools/arm-none-eabi-gcc/13.3.1-1.1.1/.content/bin/../lib/gcc/arm-none-eabi/13.3.1/../../../../arm-none-eabi/lib/thumb/v7e-m+dp/hard/libc_nano.a(libc_a-memset.o)
 .ARM.attributes
                0x000006db       0x32 /home/chris/.config/Code/User/globalStorage/bmd.stm32-for-vscode/@xpack-dev-tools/arm-none-eabi-gcc/13.3.1-1.1.1/.content/bin/../lib/gcc/arm-none-eabi/13.3.1/../../../../arm-none-eabi/lib/thumb/v7e-m+dp/hard/libc_nano.a(libc_a-closer.o)
 .ARM.attributes
                0x0000070d       0x32 /home/chris/.config/Code/User/globalStorage/bmd.stm32-for-vscode/@xpack-dev-tools/arm-none-eabi-gcc/13.3.1-1.1.1/.content/bin/../lib/gcc/arm-none-eabi/13.3.1/../../../../arm-none-eabi/lib/thumb/v7e-m+dp/hard/libc_nano.a(libc_a-reent.o)
 .ARM.attributes
                0x0000073f       0x32 /home/chris/.config/Code/User/globalStorage/bmd.stm32-for-vscode/@xpack-dev-tools/arm-none-eabi-gcc/13.3.1-1.1.1/.content/bin/../lib/gcc/arm-none-eabi/13.3.1/../../../../arm-none-eabi/lib/thumb/v7e-m+dp/hard/libc_nano.a(libc_a-impure.o)
 .ARM.attributes
                0x00000771       0x32 /home/chris/.config/Code/User/globalStorage/bmd.stm32-for-vscode/@xpack-dev-tools/arm-none-eabi-gcc/13.3.1-1.1.1/.content/bin/../lib/gcc/arm-none-eabi/13.3.1/../../../../arm-none-eabi/lib/thumb/v7e-m+dp/hard/libc_nano.a(libc_a-lseekr.o)
 .ARM.attributes
                0x000007a3       0x32 /home/chris/.config/Code/User/globalStorage/bmd.stm32-for-vscode/@xpack-dev-tools/arm-none-eabi-gcc/13.3.1-1.1.1/.content/bin/../lib/gcc/arm-none-eabi/13.3.1/../../../../arm-none-eabi/lib/thumb/v7e-m+dp/hard/libc_nano.a(libc_a-readr.o)
 .ARM.attributes
                0x000007d5       0x32 /home/chris/.config/Code/User/globalStorage/bmd.stm32-for-vscode/@xpack-dev-tools/arm-none-eabi-gcc/13.3.1-1.1.1/.content/bin/../lib/gcc/arm-none-eabi/13.3.1/../../../../arm-none-eabi/lib/thumb/v7e-m+dp/hard/libc_nano.a(libc_a-writer.o)
 .ARM.attributes
                0x00000807       0x32 /home/chris/.config/Code/User/globalStorage/bmd.stm32-for-vscode/@xpack-dev-tools/arm-none-eabi-gcc/13.3.1-1.1.1/.content/bin/../lib/gcc/arm-none-eabi/13.3.1/../../../../arm-none-eabi/lib/thumb/v7e-m+dp/hard/libc_nano.a(libc_a-errno.o)
 .ARM.attributes
                0x00000839       0x32 /home/chris/.config/Code/User/globalStorage/bmd.stm32-for-vscode/@xpack-dev-tools/arm-none-eabi-gcc/13.3.1-1.1.1/.content/bin/../lib/gcc/arm-none-eabi/13.3.1/../../../../arm-none-eabi/lib/thumb/v7e-m+dp/hard/libc_nano.a(libc_a-init.o)
 .ARM.attributes
                0x0000086b       0x32 /home/chris/.config/Code/User/globalStorage/bmd.stm32-for-vscode/@xpack-dev-tools/arm-none-eabi-gcc/13.3.1-1.1.1/.content/bin/../lib/gcc/arm-none-eabi/13.3.1/../../../../arm-none-eabi/lib/thumb/v7e-m+dp/hard/libc_nano.a(libc_a-lock.o)
 .ARM.attributes
                0x0000089d       0x32 /home/chris/.config/Code/User/globalStorage/bmd.stm32-for-vscode/@xpack-dev-tools/arm-none-eabi-gcc/13.3.1-1.1.1/.content/bin/../lib/gcc/arm-none-eabi/13.3.1/../../../../arm-none-eabi/lib/thumb/v7e-m+dp/hard/libc_nano.a(libc_a-freer.o)
 .ARM.attributes
                0x000008cf       0x32 /home/chris/.config/Code/User/globalStorage/bmd.stm32-for-vscode/@xpack-dev-tools/arm-none-eabi-gcc/13.3.1-1.1.1/.content/bin/../lib/gcc/arm-none-eabi/13.3.1/../../../../arm-none-eabi/lib/thumb/v7e-m+dp/hard/libc_nano.a(libc_a-mallocr.o)
 .ARM.attributes
                0x00000901       0x32 /home/chris/.config/Code/User/globalStorage/bmd.stm32-for-vscode/@xpack-dev-tools/arm-none-eabi-gcc/13.3.1-1.1.1/.content/bin/../lib/gcc/arm-none-eabi/13.3.1/../../../../arm-none-eabi/lib/thumb/v7e-m+dp/hard/libc_nano.a(libc_a-mlock.o)
 .ARM.attributes
                0x00000933       0x32 /home/chris/.config/Code/User/globalStorage/bmd.stm32-for-vscode/@xpack-dev-tools/arm-none-eabi-gcc/13.3.1-1.1.1/.content/bin/../lib/gcc/arm-none-eabi/13.3.1/../../../../arm-none-eabi/lib/thumb/v7e-m+dp/hard/libc_nano.a(libc_a-nano-vfprintf.o)
 .ARM.attributes
                0x00000965       0x32 /home/chris/.config/Code/User/globalStorage/bmd.stm32-for-vscode/@xpack-dev-tools/arm-none-eabi-gcc/13.3.1-1.1.1/.content/bin/../lib/gcc/arm-none-eabi/13.3.1/../../../../arm-none-eabi/lib/thumb/v7e-m+dp/hard/libc_nano.a(libc_a-nano-vfprintf_i.o)
 .ARM.attributes
                0x00000997       0x32 /home/chris/.config/Code/User/globalStorage/bmd.stm32-for-vscode/@xpack-dev-tools/arm-none-eabi-gcc/13.3.1-1.1.1/.content/bin/../lib/gcc/arm-none-eabi/13.3.1/../../../../arm-none-eabi/lib/thumb/v7e-m+dp/hard/libc_nano.a(libc_a-fflush.o)
 .ARM.attributes
                0x000009c9       0x32 /home/chris/.config/Code/User/globalStorage/bmd.stm32-for-vscode/@xpack-dev-tools/arm-none-eabi-gcc/13.3.1-1.1.1/.content/bin/../lib/gcc/arm-none-eabi/13.3.1/../../../../arm-none-eabi/lib/thumb/v7e-m+dp/hard/libc_nano.a(libc_a-makebuf.o)
 .ARM.attributes
                0x000009fb       0x32 /home/chris/.config/Code/User/globalStorage/bmd.stm32-for-vscode/@xpack-dev-tools/arm-none-eabi-gcc/13.3.1-1.1.1/.content/bin/../lib/gcc/arm-none-eabi/13.3.1/../../../../arm-none-eabi/lib/thumb/v7e-m+dp/hard/libc_nano.a(libc_a-fstatr.o)
 .ARM.attributes
                0x00000a2d       0x32 /home/chris/.config/Code/User/globalStorage/bmd.stm32-for-vscode/@xpack-dev-tools/arm-none-eabi-gcc/13.3.1-1.1.1/.content/bin/../lib/gcc/arm-none-eabi/13.3.1/../../../../arm-none-eabi/lib/thumb/v7e-m+dp/hard/libc_nano.a(libc_a-isattyr.o)
 .ARM.attributes
                0x00000a5f       0x32 /home/chris/.config/Code/User/globalStorage/bmd.stm32-for-vscode/@xpack-dev-tools/arm-none-eabi-gcc/13.3.1-1.1.1/.content/bin/../lib/gcc/arm-none-eabi/13.3.1/../../../../arm-none-eabi/lib/thumb/v7e-m+dp/hard/libc_nano.a(libc_a-sbrkr.o)
 .ARM.attributes
                0x00000a91       0x1c /home/chris/.config/Code/User/globalStorage/bmd.stm32-for-vscode/@xpack-dev-tools/arm-none-eabi-gcc/13.3.1-1.1.1/.content/bin/../lib/gcc/arm-none-eabi/13.3.1/../../../../arm-none-eabi/lib/thumb/v7e-m+dp/hard/libc_nano.a(libc_a-memchr.o)
 .ARM.attributes
                0x00000aad       0x20 /home/chris/.config/Code/User/globalStorage/bmd.stm32-for-vscode/@xpack-dev-tools/arm-none-eabi-gcc/13.3.1-1.1.1/.content/bin/../lib/gcc/arm-none-eabi/13.3.1/thumb/v7e-m+dp/hard/libgcc.a(_aeabi_uldivmod.o)
 .ARM.attributes
                0x00000acd       0x32 /home/chris/.config/Code/User/globalStorage/bmd.stm32-for-vscode/@xpack-dev-tools/arm-none-eabi-gcc/13.3.1-1.1.1/.content/bin/../lib/gcc/arm-none-eabi/13.3.1/thumb/v7e-m+dp/hard/libgcc.a(_udivmoddi4.o)
 .ARM.attributes
                0x00000aff       0x20 /home/chris/.config/Code/User/globalStorage/bmd.stm32-for-vscode/@xpack-dev-tools/arm-none-eabi-gcc/13.3.1-1.1.1/.content/bin/../lib/gcc/arm-none-eabi/13.3.1/thumb/v7e-m+dp/hard/libgcc.a(_dvmd_tls.o)
 .ARM.attributes
                0x00000b1f       0x20 /home/chris/.config/Code/User/globalStorage/bmd.stm32-for-vscode/@xpack-dev-tools/arm-none-eabi-gcc/13.3.1-1.1.1/.content/bin/../lib/gcc/arm-none-eabi/13.3.1/thumb/v7e-m+dp/hard/crtn.o
OUTPUT(build/Tx_Thread_Creation.elf elf32-littlearm)
LOAD linker stubs
LOAD /home/chris/.config/Code/User/globalStorage/bmd.stm32-for-vscode/@xpack-dev-tools/arm-none-eabi-gcc/13.3.1-1.1.1/.content/bin/../lib/gcc/arm-none-eabi/13.3.1/../../../../arm-none-eabi/lib/thumb/v7e-m+dp/hard/libc.a
LOAD /home/chris/.config/Code/User/globalStorage/bmd.stm32-for-vscode/@xpack-dev-tools/arm-none-eabi-gcc/13.3.1-1.1.1/.content/bin/../lib/gcc/arm-none-eabi/13.3.1/../../../../arm-none-eabi/lib/thumb/v7e-m+dp/hard/libm.a
LOAD /home/chris/.config/Code/User/globalStorage/bmd.stm32-for-vscode/@xpack-dev-tools/arm-none-eabi-gcc/13.3.1-1.1.1/.content/bin/../lib/gcc/arm-none-eabi/13.3.1/thumb/v7e-m+dp/hard/libgcc.a

.comment        0x00000000       0x39
 .comment       0x00000000       0x39 /home/chris/.config/Code/User/globalStorage/bmd.stm32-for-vscode/@xpack-dev-tools/arm-none-eabi-gcc/13.3.1-1.1.1/.content/bin/../lib/gcc/arm-none-eabi/13.3.1/thumb/v7e-m+dp/hard/crtbegin.o
                                 0x3a (size before relaxing)
 .comment       0x00000039       0x3a build/debug/Drivers/STM32H7xx_HAL_Driver/Src/stm32h7xx_hal.o
 .comment       0x00000039       0x3a build/debug/Drivers/STM32H7xx_HAL_Driver/Src/stm32h7xx_hal_cortex.o
 .comment       0x00000039       0x3a build/debug/Drivers/STM32H7xx_HAL_Driver/Src/stm32h7xx_hal_gpio.o
 .comment       0x00000039       0x3a build/debug/Drivers/STM32H7xx_HAL_Driver/Src/stm32h7xx_hal_pwr_ex.o
 .comment       0x00000039       0x3a build/debug/Drivers/STM32H7xx_HAL_Driver/Src/stm32h7xx_hal_rcc.o
 .comment       0x00000039       0x3a build/debug/Drivers/STM32H7xx_HAL_Driver/Src/stm32h7xx_hal_rcc_ex.o
 .comment       0x00000039       0x3a build/debug/Drivers/STM32H7xx_HAL_Driver/Src/stm32h7xx_hal_tim.o
 .comment       0x00000039       0x3a build/debug/Drivers/STM32H7xx_HAL_Driver/Src/stm32h7xx_hal_tim_ex.o
 .comment       0x00000039       0x3a build/debug/Drivers/STM32H7xx_HAL_Driver/Src/stm32h7xx_hal_uart.o
 .comment       0x00000039       0x3a build/debug/Drivers/STM32H7xx_HAL_Driver/Src/stm32h7xx_hal_uart_ex.o
 .comment       0x00000039       0x3a build/debug/Middlewares/ST/threadx/common/src/tx_thread_initialize.o
 .comment       0x00000039       0x3a build/debug/Middlewares/ST/threadx/common/src/tx_thread_system_resume.o
 .comment       0x00000039       0x3a build/debug/Middlewares/ST/threadx/common/src/tx_thread_time_slice.o
 .comment       0x00000039       0x3a build/debug/Middlewares/ST/threadx/common/src/tx_timer_expiration_process.o
 .comment       0x00000039       0x3a build/debug/Middlewares/ST/threadx/common/src/tx_timer_initialize.o
 .comment       0x00000039       0x3a build/debug/Middlewares/ST/threadx/common/src/tx_timer_system_deactivate.o
 .comment       0x00000039       0x3a build/debug/Src/main.o
 .comment       0x00000039       0x3a build/debug/Src/stm32h7xx_hal_msp.o
 .comment       0x00000039       0x3a build/debug/Src/stm32h7xx_hal_timebase_tim.o
 .comment       0x00000039       0x3a build/debug/Src/stm32h7xx_it.o
 .comment       0x00000039       0x3a build/debug/Src/syscalls.o
 .comment       0x00000039       0x3a build/debug/Src/sysmem.o
 .comment       0x00000039       0x3a build/debug/Src/system_stm32h7xx.o
 .comment       0x00000039       0x3a /home/chris/.config/Code/User/globalStorage/bmd.stm32-for-vscode/@xpack-dev-tools/arm-none-eabi-gcc/13.3.1-1.1.1/.content/bin/../lib/gcc/arm-none-eabi/13.3.1/../../../../arm-none-eabi/lib/thumb/v7e-m+dp/hard/libc_nano.a(libc_a-findfp.o)
 .comment       0x00000039       0x3a /home/chris/.config/Code/User/globalStorage/bmd.stm32-for-vscode/@xpack-dev-tools/arm-none-eabi-gcc/13.3.1-1.1.1/.content/bin/../lib/gcc/arm-none-eabi/13.3.1/../../../../arm-none-eabi/lib/thumb/v7e-m+dp/hard/libc_nano.a(libc_a-fwalk.o)
 .comment       0x00000039       0x3a /home/chris/.config/Code/User/globalStorage/bmd.stm32-for-vscode/@xpack-dev-tools/arm-none-eabi-gcc/13.3.1-1.1.1/.content/bin/../lib/gcc/arm-none-eabi/13.3.1/../../../../arm-none-eabi/lib/thumb/v7e-m+dp/hard/libc_nano.a(libc_a-printf.o)
 .comment       0x00000039       0x3a /home/chris/.config/Code/User/globalStorage/bmd.stm32-for-vscode/@xpack-dev-tools/arm-none-eabi-gcc/13.3.1-1.1.1/.content/bin/../lib/gcc/arm-none-eabi/13.3.1/../../../../arm-none-eabi/lib/thumb/v7e-m+dp/hard/libc_nano.a(libc_a-puts.o)
 .comment       0x00000039       0x3a /home/chris/.config/Code/User/globalStorage/bmd.stm32-for-vscode/@xpack-dev-tools/arm-none-eabi-gcc/13.3.1-1.1.1/.content/bin/../lib/gcc/arm-none-eabi/13.3.1/../../../../arm-none-eabi/lib/thumb/v7e-m+dp/hard/libc_nano.a(libc_a-stdio.o)
 .comment       0x00000039       0x3a /home/chris/.config/Code/User/globalStorage/bmd.stm32-for-vscode/@xpack-dev-tools/arm-none-eabi-gcc/13.3.1-1.1.1/.content/bin/../lib/gcc/arm-none-eabi/13.3.1/../../../../arm-none-eabi/lib/thumb/v7e-m+dp/hard/libc_nano.a(libc_a-wbuf.o)
 .comment       0x00000039       0x3a /home/chris/.config/Code/User/globalStorage/bmd.stm32-for-vscode/@xpack-dev-tools/arm-none-eabi-gcc/13.3.1-1.1.1/.content/bin/../lib/gcc/arm-none-eabi/13.3.1/../../../../arm-none-eabi/lib/thumb/v7e-m+dp/hard/libc_nano.a(libc_a-wsetup.o)
 .comment       0x00000039       0x3a /home/chris/.config/Code/User/globalStorage/bmd.stm32-for-vscode/@xpack-dev-tools/arm-none-eabi-gcc/13.3.1-1.1.1/.content/bin/../lib/gcc/arm-none-eabi/13.3.1/../../../../arm-none-eabi/lib/thumb/v7e-m+dp/hard/libc_nano.a(libc_a-memset.o)
 .comment       0x00000039       0x3a /home/chris/.config/Code/User/globalStorage/bmd.stm32-for-vscode/@xpack-dev-tools/arm-none-eabi-gcc/13.3.1-1.1.1/.content/bin/../lib/gcc/arm-none-eabi/13.3.1/../../../../arm-none-eabi/lib/thumb/v7e-m+dp/hard/libc_nano.a(libc_a-closer.o)